Microchip MPLAB XC8 Compiler V2.31

Linker command line:

-W-3 --edf=C:\Program Files\Microchip\xc8\v2.31\pic\dat\en_msgs.txt -cn \
  -h+dist/default/production\M1P1.X.production.sym \
  --cmf=dist/default/production\M1P1.X.production.cmf -z -Q16F887 \
  -oC:\Users\jalva\AppData\Local\Temp\s3bo.2 --defsym=__MPLAB_BUILD=1 \
  -Mdist/default/production/M1P1.X.production.map -E1 -ver=XC8 Compiler \
  --acfsm=1493 -ASTACK=0110h-016Fh -pstack=STACK -ACODE=00h-07FFhx4 \
  -ASTRCODE=00h-01FFFh -ASTRING=00h-0FFhx32 -ACONST=00h-0FFhx32 \
  -AENTRY=00h-0FFhx32 -ACOMMON=070h-07Fh -ABANK0=020h-06Fh \
  -ABANK1=0A0h-0EFh -ABANK2=0110h-016Fh -ABANK3=0190h-01EFh \
  -ARAM=020h-06Fh,0A0h-0EFh,0110h-016Fh,0190h-01EFh \
  -AABS1=020h-07Fh,0A0h-0EFh,0110h-016Fh,0190h-01EFh -ASFR0=00h-01Fh \
  -ASFR1=080h-09Fh -ASFR2=0100h-010Fh -ASFR3=0180h-018Fh \
  -ACONFIG=02007h-02008h -DCONFIG=2 -AIDLOC=02000h-02003h -DIDLOC=2 \
  -AEEDATA=00h-0FFh/02100h -peeprom_data=EEDATA -DEEDATA=2 -DCODE=2 \
  -DSTRCODE=2 -DSTRING=2 -DCONST=2 -DENTRY=2 \
  -preset_vec=00h,intentry=04h,init,end_init -ppowerup=CODE -pcinit=CODE \
  -pfunctab=ENTRY -k C:\Users\jalva\AppData\Local\Temp\s3bo.o \
  dist/default/production\M1P1.X.production.o 

Object code version is 3.11

Machine type is 16F887



                Name                               Link     Load   Length Selector   Space Scale
C:\Users\jalva\AppData\Local\Temp\s3bo.o
                end_init                              C        C        3        8       0
                reset_vec                             0        0        3        0       0
                config                             2007     2007        2        0       4
dist/default/production\M1P1.X.production.o
                cinit                                 F        F       24        8       0
                intentry                              4        4        8        8       0
                config                             2007     2007        2        0       4
                text29                              989      989        7     1312       0
                text28                              BDE      BDE       68     17BC       0
                text27                              B59      B59       3B     16B2       0
                text26                              AF3      AF3       31     15E6       0
                text25                              AC7      AC7       2C     158E       0
                text24                              B24      B24       35     1648       0
                text23                              9FC      9FC       1B     13F8       0
                text22                              9C3      9C3       10     1386       0
                text21                              A17      A17       1F     142E       0
                text20                              9B6      9B6        D     136C       0
                text19                              A36      A36       21     146C       0
                text18                              990      990        9     1320       0
                text17                              9AB      9AB        B     1356       0
                text16                              999      999        9     1332       0
                text15                              9A2      9A2        9     1344       0
                text14                              7A6      7A6       59        8       0
                text13                              9D3      9D3       14     13A6       0
                text12                              A57      A57       23     14AE       0
                text11                              A9E      A9E       29     153C       0
                text10                               33       33      361        8       0
                text9                               394      394      290        8       0
                text8                               A7A      A7A       24     14F4       0
                text7                               CAF      CAF       7C     195E       0
                text6                               6EA      6EA       BC        8       0
                text5                               C46      C46       69     188C       0
                text4                               9E7      9E7       15     13CE       0
                text3                               D2B      D2B       7D     1A56       0
                text2                               624      624       C6        8       0
                text1                               B94      B94       4A     1728       0
                maintext                            DA8      DA8      258     1B50       0
                cstackBANK0                          20       20       3F       20       1
                cstackCOMMON                         70       70        9       70       1
                cstackBANK1                          AC       AC        A       A0       1
                bssBANK1                             A0       A0        C       A0       1
                bssBANK0                             5F       5F        8       20       1
                dataCOMMON                           7B       7B        1       70       1
                bssCOMMON                            79       79        2       70       1
                strings                             800      800       15     1000       0
                idataCOMMON                         7FF      7FF        1        8       0

TOTAL           Name                               Link     Load   Length     Space
        CLASS   STACK          

        CLASS   CODE           
                end_init                              C        C        3         0
                cinit                                 F        F       24         0
                intentry                              4        4        8         0
                reset_vec                             0        0        3         0
                text29                              989      989        7         0
                text28                              BDE      BDE       68         0
                text27                              B59      B59       3B         0
                text26                              AF3      AF3       31         0
                text25                              AC7      AC7       2C         0
                text24                              B24      B24       35         0
                text23                              9FC      9FC       1B         0
                text22                              9C3      9C3       10         0
                text21                              A17      A17       1F         0
                text20                              9B6      9B6        D         0
                text19                              A36      A36       21         0
                text18                              990      990        9         0
                text17                              9AB      9AB        B         0
                text16                              999      999        9         0
                text15                              9A2      9A2        9         0
                text14                              7A6      7A6       59         0
                text13                              9D3      9D3       14         0
                text12                              A57      A57       23         0
                text11                              A9E      A9E       29         0
                text10                               33       33      361         0
                text9                               394      394      290         0
                text8                               A7A      A7A       24         0
                text7                               CAF      CAF       7C         0
                text6                               6EA      6EA       BC         0
                text5                               C46      C46       69         0
                text4                               9E7      9E7       15         0
                text3                               D2B      D2B       7D         0
                text2                               624      624       C6         0
                text1                               B94      B94       4A         0
                maintext                            DA8      DA8      258         0
                idataCOMMON                         7FF      7FF        1         0

        CLASS   STRCODE        

        CLASS   STRING         
                strings                             800      800       15         0

        CLASS   CONST          

        CLASS   ENTRY          

        CLASS   COMMON         
                cstackCOMMON                         70       70        9         1
                dataCOMMON                           7B       7B        1         1
                bssCOMMON                            79       79        2         1

        CLASS   BANK0          
                cstackBANK0                          20       20       3F         1
                bssBANK0                             5F       5F        8         1

        CLASS   BANK1          
                cstackBANK1                          AC       AC        A         1
                bssBANK1                             A0       A0        C         1

        CLASS   BANK2          

        CLASS   BANK3          

        CLASS   RAM            

        CLASS   ABS1           
                abs_s1                               7E       7E        2         1

        CLASS   SFR0           

        CLASS   SFR1           

        CLASS   SFR2           

        CLASS   SFR3           

        CLASS   CONFIG         
                config                             2007     2007        2         4

        CLASS   IDLOC          

        CLASS   EEDATA         



SEGMENTS        Name                           Load    Length   Top    Selector   Space  Class     Delta

                reset_vec                      000000  000003  000003         0       0  CODE        2
                intentry                       000004  0007FC  000800         8       0  CODE        2
                cstackBANK0                    000020  000047  000067        20       1  BANK0       1
                cstackCOMMON                   000070  00000C  00007C        70       1  COMMON      1
                bssBANK1                       0000A0  000016  0000B6        A0       1  BANK1       1
                strings                        000800  000015  000815      1000       0  STRING      2
                text29                         000989  000007  000990      1312       0  CODE        2
                text18                         000990  000009  000999      1320       0  CODE        2
                text16                         000999  000009  0009A2      1332       0  CODE        2
                text15                         0009A2  000009  0009AB      1344       0  CODE        2
                text17                         0009AB  00000B  0009B6      1356       0  CODE        2
                text20                         0009B6  00000D  0009C3      136C       0  CODE        2
                text22                         0009C3  000010  0009D3      1386       0  CODE        2
                text13                         0009D3  000014  0009E7      13A6       0  CODE        2
                text4                          0009E7  000015  0009FC      13CE       0  CODE        2
                text23                         0009FC  00001B  000A17      13F8       0  CODE        2
                text21                         000A17  00001F  000A36      142E       0  CODE        2
                text19                         000A36  000021  000A57      146C       0  CODE        2
                text12                         000A57  000023  000A7A      14AE       0  CODE        2
                text8                          000A7A  000024  000A9E      14F4       0  CODE        2
                text11                         000A9E  000029  000AC7      153C       0  CODE        2
                text25                         000AC7  00002C  000AF3      158E       0  CODE        2
                text26                         000AF3  000031  000B24      15E6       0  CODE        2
                text24                         000B24  000035  000B59      1648       0  CODE        2
                text27                         000B59  00003B  000B94      16B2       0  CODE        2
                text1                          000B94  00004A  000BDE      1728       0  CODE        2
                text28                         000BDE  000068  000C46      17BC       0  CODE        2
                text5                          000C46  000069  000CAF      188C       0  CODE        2
                text7                          000CAF  00007C  000D2B      195E       0  CODE        2
                text3                          000D2B  00007D  000DA8      1A56       0  CODE        2
                maintext                       000DA8  000258  001000      1B50       0  CODE        2


UNUSED ADDRESS RANGES

        Name                Unused          Largest block    Delta
        BANK0            0067-006F              9           1
        BANK1            00B6-00EF             3A           1
        BANK2            0110-016F             60           1
        BANK3            0190-01EF             60           1
        CODE             0003-0003              1           2
                         0815-0988            174
                         1000-1FFF            800
        COMMON           007C-007D              2           1
        CONST            0003-0003              1           2
                         0815-0988             EB
                         1000-1FFF            100
        EEDATA           2100-21FF            100           2
        ENTRY            0003-0003              1           2
                         0815-0988             EB
                         1000-1FFF            100
        IDLOC            2000-2003              4           2
        RAM              0067-006F              9           1
                         00B6-00EF             3A
                         0110-016F             60
                         0190-01EF             60
        SFR0             0000-001F             20           1
        SFR1             0080-009F             20           1
        SFR2             0100-010F             10           1
        SFR3             0180-018F             10           1
        STACK            0110-016F             60           1
        STRCODE          0003-0003              1           2
                         0815-0988            174
                         1000-1FFF           1000
        STRING           0003-0003              1           2
                         0815-0988             EB
                         1000-1FFF            100

                                  Symbol Table

?__Umul8_16                 cstackCOMMON 0072
?___awdiv                   cstackCOMMON 0072
?___awmod                   cstackCOMMON 0072
?___fladd                   cstackBANK0  0020
?___flmul                   cstackBANK0  002A
?___flsub                   cstackBANK0  0030
?___fltol                   cstackBANK0  0044
?___lldiv                   cstackBANK0  0020
?___xxtofl                  cstackCOMMON 0072
DHT11_ReadData@datos        cstackCOMMON 0075
DHT11_ReadData@i            cstackCOMMON 0074
LCDstring@mensaje           cstackCOMMON 0075
MasterInit_I2C@frec         cstackBANK0  0028
MasterReceive_I2C@valor     cstackCOMMON 0073
MasterSend_I2C@dato         cstackCOMMON 0072
_ANSEL                      (abs)        0188
_ANSELH                     (abs)        0189
_CHECKSUM                   bssBANK0     0062
_CONFIG                     text26       0AF3
_DHT11_ALIVE                text25       0AC7
_DHT11_ReadData             text24       0B24
_DHT11_START                text23       09FC
_Hum1                       bssBANK0     0064
_HumR                       bssCOMMON    0079
_INTCONbits                 (abs)        000B
_LCDstring                  text21       0A17
_MasterInit_I2C             text27       0B59
_MasterReceive_I2C          text19       0A36
_MasterRepeatS_I2C          text18       0990
_MasterSend_I2C             text17       09AB
_MasterStart_I2C            text16       0999
_MasterStop_I2C             text15       09A2
_OSCCONbits                 (abs)        008F
_PIE1bits                   (abs)        008C
_PIR1bits                   (abs)        000C
_PORTA                      (abs)        0005
_PORTB                      (abs)        0006
_PORTBbits                  (abs)        0006
_PORTD                      (abs)        0008
_RCSTAbits                  (abs)        0018
_RE0                        (abs)        0048
_RE1                        (abs)        0049
_RE2                        (abs)        004A
_SPBRG                      (abs)        0099
_SSPADD                     (abs)        0093
_SSPBUF                     (abs)        0013
_SSPCON                     (abs)        0014
_SSPCON2                    (abs)        0091
_SSPCON2bits                (abs)        0091
_SSPSTAT                    (abs)        0094
_T1CON                      (abs)        0010
_T1CONbits                  (abs)        0010
_TEMPdig                    bssBANK1     00A6
_TMR1H                      (abs)        000F
_TMR1L                      (abs)        000E
_TRISA                      (abs)        0085
_TRISB                      (abs)        0086
_TRISCbits                  (abs)        0087
_TRISD                      (abs)        0088
_TRISEbits                  (abs)        0089
_TXREG                      (abs)        0019
_TXSTAbits                  (abs)        0098
_Temp1                      bssBANK0     0066
_TempDEC                    bssBANK0     0060
_TempENT                    bssBANK0     0061
_UARTData                   bssBANK0     005F
__Habs1                     abs1         0000
__Hbank0                    bank0        0000
__Hbank1                    bank1        0000
__Hbank2                    bank2        0000
__Hbank3                    bank3        0000
__HbssBANK0                 bssBANK0     0000
__HbssBANK1                 bssBANK1     0000
__HbssCOMMON                bssCOMMON    0000
__Hcinit                    cinit        0033
__Hclrtext                  clrtext      0000
__Hcode                     code         0000
__Hcommon                   common       0000
__Hconfig                   config       2009
__HcstackBANK0              cstackBANK0  0000
__HcstackBANK1              cstackBANK1  0000
__HcstackCOMMON             cstackCOMMON 0000
__HdataCOMMON               dataCOMMON   0000
__Heeprom_data              eeprom_data  0000
__Hend_init                 end_init     000F
__Hfunctab                  functab      0000
__HidataCOMMON              idataCOMMON  0000
__Hinit                     init         000C
__Hintentry                 intentry     000C
__Hmaintext                 maintext     0000
__Hpowerup                  powerup      0000
__Hram                      ram          0000
__Hreset_vec                reset_vec    0003
__Hsfr0                     sfr0         0000
__Hsfr1                     sfr1         0000
__Hsfr2                     sfr2         0000
__Hsfr3                     sfr3         0000
__Hspace_0                  (abs)        1000
__Hspace_1                  (abs)        00B6
__Hspace_2                  (abs)        0000
__Hspace_3                  (abs)        0000
__Hspace_4                  (abs)        4010
__Hstack                    stack        0000
__Hstrings                  strings      0000
__Htext                     text         0000
__Labs1                     abs1         0000
__Lbank0                    bank0        0000
__Lbank1                    bank1        0000
__Lbank2                    bank2        0000
__Lbank3                    bank3        0000
__LbssBANK0                 bssBANK0     0000
__LbssBANK1                 bssBANK1     0000
__LbssCOMMON                bssCOMMON    0000
__Lcinit                    cinit        000F
__Lclrtext                  clrtext      0000
__Lcode                     code         0000
__Lcommon                   common       0000
__Lconfig                   config       0000
__LcstackBANK0              cstackBANK0  0000
__LcstackBANK1              cstackBANK1  0000
__LcstackCOMMON             cstackCOMMON 0000
__LdataCOMMON               dataCOMMON   0000
__Leeprom_data              eeprom_data  0000
__Lend_init                 end_init     000C
__Lfunctab                  functab      0000
__LidataCOMMON              idataCOMMON  0000
__Linit                     init         000C
__Lintentry                 intentry     0004
__Lmaintext                 maintext     0000
__Lpowerup                  powerup      0000
__Lram                      ram          0000
__Lreset_vec                reset_vec    0000
__Lsfr0                     sfr0         0000
__Lsfr1                     sfr1         0000
__Lsfr2                     sfr2         0000
__Lsfr3                     sfr3         0000
__Lspace_0                  (abs)        0000
__Lspace_1                  (abs)        0000
__Lspace_2                  (abs)        0000
__Lspace_3                  (abs)        0000
__Lspace_4                  (abs)        0000
__Lstack                    stack        0000
__Lstrings                  strings      0000
__Ltext                     text         0000
__S0                        (abs)        1000
__S1                        (abs)        00B6
__S2                        (abs)        0000
__S3                        (abs)        0000
__Umul8_16                  text11       0A9E
__Umul8_16@multiplicand     cstackCOMMON 0072
__Umul8_16@multiplier       cstackBANK0  0024
__Umul8_16@product          cstackBANK0  0020
__Umul8_16@word_mpld        cstackBANK0  0022
___awdiv                    text5        0C46
___awdiv@counter            cstackBANK0  0020
___awdiv@dividend           cstackCOMMON 0074
___awdiv@divisor            cstackCOMMON 0072
___awdiv@quotient           cstackBANK0  0022
___awdiv@sign               cstackBANK0  0021
___awmod                    text14       07A6
___awmod@counter            cstackCOMMON 0077
___awmod@dividend           cstackCOMMON 0074
___awmod@divisor            cstackCOMMON 0072
___awmod@sign               cstackCOMMON 0078
___bmul                     text4        09E7
___bmul@multiplicand        cstackCOMMON 0072
___bmul@multiplier          cstackCOMMON 0075
___bmul@product             cstackCOMMON 0074
___fladd                    text9        0394
___fladd@a                  cstackBANK0  0024
___fladd@aexp               cstackCOMMON 0073
___fladd@b                  cstackBANK0  0020
___fladd@bexp               cstackCOMMON 0074
___fladd@grs                cstackCOMMON 0075
___fladd@signs              cstackCOMMON 0072
___flmul                    text10       0033
___flmul@a                  cstackBANK0  002E
___flmul@aexp               cstackBANK0  0038
___flmul@b                  cstackBANK0  002A
___flmul@bexp               cstackBANK0  003D
___flmul@grs                cstackBANK0  0039
___flmul@prod               cstackBANK0  003E
___flmul@sign               cstackBANK0  0037
___flmul@temp               cstackBANK0  0042
___flsub                    text8        0A7A
___flsub@a                  cstackBANK0  0030
___flsub@b                  cstackBANK0  0034
___fltol                    text7        0CAF
___fltol@exp1               cstackCOMMON 0077
___fltol@f1                 cstackBANK0  0044
___fltol@sign1              cstackCOMMON 0076
___int_sp                   stack        0000
___latbits                  (abs)        0002
___lldiv                    text28       0BDE
___lldiv@counter            cstackCOMMON 0077
___lldiv@dividend           cstackBANK0  0024
___lldiv@divisor            cstackBANK0  0020
___lldiv@quotient           cstackCOMMON 0073
___sp                       stack        0000
___stackhi                  (abs)        0000
___stacklo                  (abs)        0000
___xxtofl                   text6        06EA
___xxtofl@arg               cstackBANK0  0026
___xxtofl@exp               cstackBANK0  0025
___xxtofl@sign              cstackBANK0  0024
___xxtofl@val               cstackCOMMON 0072
__end_of_CONFIG             text26       0B24
__end_of_DHT11_ALIVE        text25       0AF3
__end_of_DHT11_ReadData     text24       0B59
__end_of_DHT11_START        text23       0A17
__end_of_LCDstring          text21       0A36
__end_of_MasterInit_I2C     text27       0B94
__end_of_MasterReceive_I2C  text19       0A57
__end_of_MasterRepeatS_I2C  text18       0999
__end_of_MasterSend_I2C     text17       09B6
__end_of_MasterStart_I2C    text16       09A2
__end_of_MasterStop_I2C     text15       09AB
__end_of__Umul8_16          text11       0AC7
__end_of___awdiv            text5        0CAF
__end_of___awmod            text14       07FF
__end_of___bmul             text4        09FC
__end_of___fladd            text9        0624
__end_of___flmul            text10       0394
__end_of___flsub            text8        0A9E
__end_of___fltol            text7        0D2B
__end_of___lldiv            text28       0C46
__end_of___xxtofl           text6        07A6
__end_of__initialization    cinit        002F
__end_of__stringtab         strings      0806
__end_of_comandoLCD         text13       09E7
__end_of_cursorLCD          text12       0A7A
__end_of_dispCHAR           text22       09D3
__end_of_divisiondecimal    text3        0DA8
__end_of_floToChar          text2        06EA
__end_of_initLCD            text1        0BDE
__end_of_interrupcion       text29       0990
__end_of_main               maintext     1000
__end_of_waitCondition      text20       09C3
__initialization            cinit        000F
__pbssBANK0                 bssBANK0     005F
__pbssBANK1                 bssBANK1     00A0
__pbssCOMMON                bssCOMMON    0079
__pcstackBANK0              cstackBANK0  0020
__pcstackBANK1              cstackBANK1  00AC
__pcstackCOMMON             cstackCOMMON 0070
__pdataCOMMON               dataCOMMON   007B
__pidataCOMMON              idataCOMMON  07FF
__pintentry                 intentry     0004
__pmaintext                 maintext     0DA8
__pstrings                  strings      0800
__ptext1                    text1        0B94
__ptext10                   text10       0033
__ptext11                   text11       0A9E
__ptext12                   text12       0A57
__ptext13                   text13       09D3
__ptext14                   text14       07A6
__ptext15                   text15       09A2
__ptext16                   text16       0999
__ptext17                   text17       09AB
__ptext18                   text18       0990
__ptext19                   text19       0A36
__ptext2                    text2        0624
__ptext20                   text20       09B6
__ptext21                   text21       0A17
__ptext22                   text22       09C3
__ptext23                   text23       09FC
__ptext24                   text24       0B24
__ptext25                   text25       0AC7
__ptext26                   text26       0AF3
__ptext27                   text27       0B59
__ptext28                   text28       0BDE
__ptext29                   text29       0989
__ptext3                    text3        0D2B
__ptext4                    text4        09E7
__ptext5                    text5        0C46
__ptext6                    text6        06EA
__ptext7                    text7        0CAF
__ptext8                    text8        0A7A
__ptext9                    text9        0394
__size_of_CONFIG            (abs)        0000
__size_of_DHT11_ALIVE       (abs)        0000
__size_of_DHT11_ReadData    (abs)        0000
__size_of_DHT11_START       (abs)        0000
__size_of_LCDstring         (abs)        0000
__size_of_MasterInit_I2C    (abs)        0000
__size_of_MasterReceive_I2C (abs)        0000
__size_of_MasterRepeatS_I2C (abs)        0000
__size_of_MasterSend_I2C    (abs)        0000
__size_of_MasterStart_I2C   (abs)        0000
__size_of_MasterStop_I2C    (abs)        0000
__size_of__Umul8_16         (abs)        0000
__size_of___awdiv           (abs)        0000
__size_of___awmod           (abs)        0000
__size_of___bmul            (abs)        0000
__size_of___fladd           (abs)        0000
__size_of___flmul           (abs)        0000
__size_of___flsub           (abs)        0000
__size_of___fltol           (abs)        0000
__size_of___lldiv           (abs)        0000
__size_of___xxtofl          (abs)        0000
__size_of_comandoLCD        (abs)        0000
__size_of_cursorLCD         (abs)        0000
__size_of_dispCHAR          (abs)        0000
__size_of_divisiondecimal   (abs)        0000
__size_of_floToChar         (abs)        0000
__size_of_initLCD           (abs)        0000
__size_of_interrupcion      (abs)        0000
__size_of_main              (abs)        0000
__size_of_waitCondition     (abs)        0000
__stringbase                strings      0805
__stringtab                 strings      0800
_comandoLCD                 text13       09D3
_cursorLCD                  text12       0A57
_digTemp                    bssBANK1     00A0
_dispCHAR                   text22       09C3
_divisiondecimal            text3        0D2B
_dummyHum1                  bssBANK0     0063
_dummyT1                    bssBANK0     0065
_floToChar                  text2        0624
_initLCD                    text1        0B94
_interrupcion               text29       0989
_main                       maintext     0DA8
_temp                       bssBANK1     00A4
_waitCondition              text20       09B6
btemp                       (abs)        007E
comandoLCD@cmd              cstackCOMMON 0074
cursorLCD@columna           cstackCOMMON 0075
cursorLCD@fila              cstackCOMMON 0077
cursorLCD@temp              cstackCOMMON 0078
dispCHAR@b                  cstackCOMMON 0073
divisiondecimal@cent        cstackBANK0  0026
divisiondecimal@conteo      cstackCOMMON 0077
divisiondecimal@dec         cstackBANK0  0025
divisiondecimal@div         cstackCOMMON 0078
divisiondecimal@un          cstackBANK0  0024
end_of_initialization       cinit        002F
floToChar@decimal           cstackBANK0  005A
floToChar@digdecimal        cstackBANK0  005C
floToChar@entero            cstackBANK0  005B
floToChar@salida            cstackBANK0  0051
floToChar@temp              cstackBANK0  0056
floToChar@valor             cstackBANK0  004D
interrupt_function          intentry     0004
intlevel0                   functab      0000
intlevel1                   functab      0000
intlevel2                   functab      0000
intlevel3                   functab      0000
intlevel4                   functab      0000
intlevel5                   functab      0000
reset_vec                   reset_vec    0000
saved_w                     (abs)        007E
start                       init         000C
start_initialization        cinit        000F
wtemp0                      (abs)        007E


FUNCTION INFORMATION:

 *************** function _main *****************
 Defined at:
		line 67 in file "main.c"
 Parameters:    Size  Location     Type
		None
 Auto vars:     Size  Location     Type
		None
 Return value:  Size  Location     Type
                  1    wreg      void 
 Registers used:
		wreg, fsr0l, fsr0h, status,2, status,0, btemp+1, pclath, cstack
 Tracked objects:
		On entry : 
		On exit  : 
		Unchanged: 
 Data sizes:     COMMON   BANK0   BANK1   BANK3   BANK2
      Params:         0       0       0       0       0
      Locals:         0       0       0       0       0
      Temps:          0       0      10       0       0
      Totals:         0       0      10       0       0
Total ram usage:       10 bytes
 Hardware stack levels required when called:    4
 This function calls:
		_CONFIG
		_DHT11_ALIVE
		_DHT11_ReadData
		_DHT11_START
		_LCDstring
		_MasterReceive_I2C
		_MasterRepeatS_I2C
		_MasterSend_I2C
		_MasterStart_I2C
		_MasterStop_I2C
		___awdiv
		___awmod
		___flmul
		___xxtofl
		_cursorLCD
		_dispCHAR
		_floToChar
		_initLCD
 This function is called by:
		Startup code after reset
 This function uses a non-reentrant model


 *************** function _initLCD *****************
 Defined at:
		line 20 in file "LCDD2.c"
 Parameters:    Size  Location     Type
		None
 Auto vars:     Size  Location     Type
		None
 Return value:  Size  Location     Type
                  1    wreg      void 
 Registers used:
		wreg, status,2, status,0, pclath, cstack
 Tracked objects:
		On entry : 
		On exit  : 
		Unchanged: 
 Data sizes:     COMMON   BANK0   BANK1   BANK3   BANK2
      Params:         0       0       0       0       0
      Locals:         0       0       0       0       0
      Temps:          2       0       0       0       0
      Totals:         2       0       0       0       0
Total ram usage:        2 bytes
 Hardware stack levels used:    1
 Hardware stack levels required when called:    2
 This function calls:
		_comandoLCD
 This function is called by:
		_main
 This function uses a non-reentrant model


 *************** function _floToChar *****************
 Defined at:
		line 200 in file "main.c"
 Parameters:    Size  Location     Type
  valor           4   45[BANK0 ] const float 
  salida          1   49[BANK0 ] PTR unsigned char 
		 -> TEMPdig(6), 
 Auto vars:     Size  Location     Type
  temp            4   54[BANK0 ] float 
  digdecimal      3   60[BANK0 ] unsigned char [3]
  entero          1   59[BANK0 ] unsigned char 
  decimal         1   58[BANK0 ] unsigned char 
 Return value:  Size  Location     Type
                  1    wreg      void 
 Registers used:
		wreg, fsr0l, fsr0h, status,2, status,0, btemp+1, pclath, cstack
 Tracked objects:
		On entry : 
		On exit  : 
		Unchanged: 
 Data sizes:     COMMON   BANK0   BANK1   BANK3   BANK2
      Params:         0       5       0       0       0
      Locals:         0       9       0       0       0
      Temps:          0       4       0       0       0
      Totals:         0      18       0       0       0
Total ram usage:       18 bytes
 Hardware stack levels used:    1
 Hardware stack levels required when called:    3
 This function calls:
		___flmul
		___flsub
		___fltol
		___xxtofl
		_divisiondecimal
 This function is called by:
		_main
 This function uses a non-reentrant model


 *************** function _divisiondecimal *****************
 Defined at:
		line 219 in file "main.c"
 Parameters:    Size  Location     Type
  conteo          1    wreg     unsigned char 
  un              1    4[BANK0 ] PTR unsigned char 
		 -> floToChar@digdecimal(3), 
  dec             1    5[BANK0 ] PTR unsigned char 
		 -> floToChar@digdecimal(3), 
  cent            1    6[BANK0 ] PTR unsigned char 
		 -> floToChar@digdecimal(3), 
 Auto vars:     Size  Location     Type
  conteo          1    7[COMMON] unsigned char 
  div             1    8[COMMON] unsigned char 
 Return value:  Size  Location     Type
                  1    wreg      void 
 Registers used:
		wreg, fsr0l, fsr0h, status,2, status,0, pclath, cstack
 Tracked objects:
		On entry : 
		On exit  : 
		Unchanged: 
 Data sizes:     COMMON   BANK0   BANK1   BANK3   BANK2
      Params:         0       3       0       0       0
      Locals:         2       0       0       0       0
      Temps:          0       3       0       0       0
      Totals:         2       6       0       0       0
Total ram usage:        8 bytes
 Hardware stack levels used:    1
 Hardware stack levels required when called:    2
 This function calls:
		___awdiv
		___bmul
 This function is called by:
		_floToChar
 This function uses a non-reentrant model


 *************** function ___bmul *****************
 Defined at:
		line 4 in file "C:\Program Files\Microchip\xc8\v2.31\pic\sources\c90\common\Umul8.c"
 Parameters:    Size  Location     Type
  multiplier      1    wreg     unsigned char 
  multiplicand    1    2[COMMON] unsigned char 
 Auto vars:     Size  Location     Type
  multiplier      1    5[COMMON] unsigned char 
  product         1    4[COMMON] unsigned char 
 Return value:  Size  Location     Type
                  1    wreg      unsigned char 
 Registers used:
		wreg, status,2, status,0
 Tracked objects:
		On entry : 
		On exit  : 
		Unchanged: 
 Data sizes:     COMMON   BANK0   BANK1   BANK3   BANK2
      Params:         1       0       0       0       0
      Locals:         2       0       0       0       0
      Temps:          1       0       0       0       0
      Totals:         4       0       0       0       0
Total ram usage:        4 bytes
 Hardware stack levels used:    1
 Hardware stack levels required when called:    1
 This function calls:
		Nothing
 This function is called by:
		_divisiondecimal
 This function uses a non-reentrant model


 *************** function ___awdiv *****************
 Defined at:
		line 5 in file "C:\Program Files\Microchip\xc8\v2.31\pic\sources\c90\common\awdiv.c"
 Parameters:    Size  Location     Type
  divisor         2    2[COMMON] int 
  dividend        2    4[COMMON] int 
 Auto vars:     Size  Location     Type
  quotient        2    2[BANK0 ] int 
  sign            1    1[BANK0 ] unsigned char 
  counter         1    0[BANK0 ] unsigned char 
 Return value:  Size  Location     Type
                  2    2[COMMON] int 
 Registers used:
		wreg, status,2, status,0
 Tracked objects:
		On entry : 
		On exit  : 
		Unchanged: 
 Data sizes:     COMMON   BANK0   BANK1   BANK3   BANK2
      Params:         4       0       0       0       0
      Locals:         0       4       0       0       0
      Temps:          1       0       0       0       0
      Totals:         5       4       0       0       0
Total ram usage:        9 bytes
 Hardware stack levels used:    1
 Hardware stack levels required when called:    1
 This function calls:
		Nothing
 This function is called by:
		_main
		_divisiondecimal
 This function uses a non-reentrant model


 *************** function ___xxtofl *****************
 Defined at:
		line 10 in file "C:\Program Files\Microchip\xc8\v2.31\pic\sources\c90\common\xxtofl.c"
 Parameters:    Size  Location     Type
  sign            1    wreg     unsigned char 
  val             4    2[COMMON] long 
 Auto vars:     Size  Location     Type
  sign            1    4[BANK0 ] unsigned char 
  arg             4    6[BANK0 ] unsigned long 
  exp             1    5[BANK0 ] unsigned char 
 Return value:  Size  Location     Type
                  4    2[COMMON] unsigned char 
 Registers used:
		wreg, status,2, status,0
 Tracked objects:
		On entry : 
		On exit  : 
		Unchanged: 
 Data sizes:     COMMON   BANK0   BANK1   BANK3   BANK2
      Params:         4       0       0       0       0
      Locals:         0       6       0       0       0
      Temps:          0       4       0       0       0
      Totals:         4      10       0       0       0
Total ram usage:       14 bytes
 Hardware stack levels used:    1
 Hardware stack levels required when called:    1
 This function calls:
		Nothing
 This function is called by:
		_main
		_floToChar
 This function uses a non-reentrant model


 *************** function ___fltol *****************
 Defined at:
		line 43 in file "C:\Program Files\Microchip\xc8\v2.31\pic\sources\c90\common\fltol.c"
 Parameters:    Size  Location     Type
  f1              4   36[BANK0 ] unsigned char 
 Auto vars:     Size  Location     Type
  exp1            1    7[COMMON] unsigned char 
  sign1           1    6[COMMON] unsigned char 
 Return value:  Size  Location     Type
                  4   36[BANK0 ] long 
 Registers used:
		wreg, status,2, status,0
 Tracked objects:
		On entry : 
		On exit  : 
		Unchanged: 
 Data sizes:     COMMON   BANK0   BANK1   BANK3   BANK2
      Params:         0       4       0       0       0
      Locals:         2       0       0       0       0
      Temps:          0       5       0       0       0
      Totals:         2       9       0       0       0
Total ram usage:       11 bytes
 Hardware stack levels used:    1
 Hardware stack levels required when called:    1
 This function calls:
		Nothing
 This function is called by:
		_floToChar
 This function uses a non-reentrant model


 *************** function ___flsub *****************
 Defined at:
		line 242 in file "C:\Program Files\Microchip\xc8\v2.31\pic\sources\c90\common\sprcadd.c"
 Parameters:    Size  Location     Type
  a               4   16[BANK0 ] long 
  b               4   20[BANK0 ] long 
 Auto vars:     Size  Location     Type
		None
 Return value:  Size  Location     Type
                  4   16[BANK0 ] long 
 Registers used:
		wreg, status,2, status,0, btemp+1, pclath, cstack
 Tracked objects:
		On entry : 
		On exit  : 
		Unchanged: 
 Data sizes:     COMMON   BANK0   BANK1   BANK3   BANK2
      Params:         0       8       0       0       0
      Locals:         0       0       0       0       0
      Temps:          0       0       0       0       0
      Totals:         0       8       0       0       0
Total ram usage:        8 bytes
 Hardware stack levels used:    1
 Hardware stack levels required when called:    2
 This function calls:
		___fladd
 This function is called by:
		_floToChar
 This function uses a non-reentrant model


 *************** function ___fladd *****************
 Defined at:
		line 10 in file "C:\Program Files\Microchip\xc8\v2.31\pic\sources\c90\common\sprcadd.c"
 Parameters:    Size  Location     Type
  b               4    0[BANK0 ] long 
  a               4    4[BANK0 ] long 
 Auto vars:     Size  Location     Type
  grs             1    5[COMMON] unsigned char 
  bexp            1    4[COMMON] unsigned char 
  aexp            1    3[COMMON] unsigned char 
  signs           1    2[COMMON] unsigned char 
 Return value:  Size  Location     Type
                  4    0[BANK0 ] unsigned char 
 Registers used:
		wreg, status,2, status,0, btemp+1
 Tracked objects:
		On entry : 
		On exit  : 
		Unchanged: 
 Data sizes:     COMMON   BANK0   BANK1   BANK3   BANK2
      Params:         0       8       0       0       0
      Locals:         4       0       0       0       0
      Temps:          0       8       0       0       0
      Totals:         4      16       0       0       0
Total ram usage:       20 bytes
 Hardware stack levels used:    1
 Hardware stack levels required when called:    1
 This function calls:
		Nothing
 This function is called by:
		___flsub
 This function uses a non-reentrant model


 *************** function ___flmul *****************
 Defined at:
		line 8 in file "C:\Program Files\Microchip\xc8\v2.31\pic\sources\c90\common\sprcmul.c"
 Parameters:    Size  Location     Type
  b               4   10[BANK0 ] unsigned char 
  a               4   14[BANK0 ] unsigned char 
 Auto vars:     Size  Location     Type
  prod            4   30[BANK0 ] struct .
  grs             4   25[BANK0 ] unsigned long 
  temp            2   34[BANK0 ] struct .
  bexp            1   29[BANK0 ] unsigned char 
  aexp            1   24[BANK0 ] unsigned char 
  sign            1   23[BANK0 ] unsigned char 
 Return value:  Size  Location     Type
                  4   10[BANK0 ] unsigned char 
 Registers used:
		wreg, status,2, status,0, btemp+1, pclath, cstack
 Tracked objects:
		On entry : 
		On exit  : 
		Unchanged: 
 Data sizes:     COMMON   BANK0   BANK1   BANK3   BANK2
      Params:         0       8       0       0       0
      Locals:         0      13       0       0       0
      Temps:          0       5       0       0       0
      Totals:         0      26       0       0       0
Total ram usage:       26 bytes
 Hardware stack levels used:    1
 Hardware stack levels required when called:    2
 This function calls:
		__Umul8_16
 This function is called by:
		_main
		_floToChar
 This function uses a non-reentrant model


 *************** function __Umul8_16 *****************
 Defined at:
		line 4 in file "C:\Program Files\Microchip\xc8\v2.31\pic\sources\c90\common\Umul8_16.c"
 Parameters:    Size  Location     Type
  multiplier      1    wreg     unsigned char 
  multiplicand    1    2[COMMON] unsigned char 
 Auto vars:     Size  Location     Type
  multiplier      1    4[BANK0 ] unsigned char 
  word_mpld       2    2[BANK0 ] unsigned int 
  product         2    0[BANK0 ] unsigned int 
 Return value:  Size  Location     Type
                  2    2[COMMON] unsigned int 
 Registers used:
		wreg, status,2, status,0
 Tracked objects:
		On entry : 
		On exit  : 
		Unchanged: 
 Data sizes:     COMMON   BANK0   BANK1   BANK3   BANK2
      Params:         2       0       0       0       0
      Locals:         0       5       0       0       0
      Temps:          2       0       0       0       0
      Totals:         4       5       0       0       0
Total ram usage:        9 bytes
 Hardware stack levels used:    1
 Hardware stack levels required when called:    1
 This function calls:
		Nothing
 This function is called by:
		___flmul
 This function uses a non-reentrant model


 *************** function _cursorLCD *****************
 Defined at:
		line 50 in file "LCDD2.c"
 Parameters:    Size  Location     Type
  fila            1    wreg     unsigned char 
  columna         1    5[COMMON] unsigned char 
 Auto vars:     Size  Location     Type
  fila            1    7[COMMON] unsigned char 
  temp            1    8[COMMON] unsigned char 
 Return value:  Size  Location     Type
                  1    wreg      void 
 Registers used:
		wreg, status,2, status,0, pclath, cstack
 Tracked objects:
		On entry : 
		On exit  : 
		Unchanged: 
 Data sizes:     COMMON   BANK0   BANK1   BANK3   BANK2
      Params:         1       0       0       0       0
      Locals:         2       0       0       0       0
      Temps:          1       0       0       0       0
      Totals:         4       0       0       0       0
Total ram usage:        4 bytes
 Hardware stack levels used:    1
 Hardware stack levels required when called:    2
 This function calls:
		_comandoLCD
 This function is called by:
		_main
 This function uses a non-reentrant model


 *************** function _comandoLCD *****************
 Defined at:
		line 63 in file "LCDD2.c"
 Parameters:    Size  Location     Type
  cmd             1    wreg     unsigned char 
 Auto vars:     Size  Location     Type
  cmd             1    4[COMMON] unsigned char 
 Return value:  Size  Location     Type
                  1    wreg      void 
 Registers used:
		wreg
 Tracked objects:
		On entry : 
		On exit  : 
		Unchanged: 
 Data sizes:     COMMON   BANK0   BANK1   BANK3   BANK2
      Params:         0       0       0       0       0
      Locals:         1       0       0       0       0
      Temps:          2       0       0       0       0
      Totals:         3       0       0       0       0
Total ram usage:        3 bytes
 Hardware stack levels used:    1
 Hardware stack levels required when called:    1
 This function calls:
		Nothing
 This function is called by:
		_initLCD
		_cursorLCD
		_ClearLCD
 This function uses a non-reentrant model


 *************** function ___awmod *****************
 Defined at:
		line 5 in file "C:\Program Files\Microchip\xc8\v2.31\pic\sources\c90\common\awmod.c"
 Parameters:    Size  Location     Type
  divisor         2    2[COMMON] int 
  dividend        2    4[COMMON] int 
 Auto vars:     Size  Location     Type
  sign            1    8[COMMON] unsigned char 
  counter         1    7[COMMON] unsigned char 
 Return value:  Size  Location     Type
                  2    2[COMMON] int 
 Registers used:
		wreg, status,2, status,0
 Tracked objects:
		On entry : 
		On exit  : 
		Unchanged: 
 Data sizes:     COMMON   BANK0   BANK1   BANK3   BANK2
      Params:         4       0       0       0       0
      Locals:         2       0       0       0       0
      Temps:          1       0       0       0       0
      Totals:         7       0       0       0       0
Total ram usage:        7 bytes
 Hardware stack levels used:    1
 Hardware stack levels required when called:    1
 This function calls:
		Nothing
 This function is called by:
		_main
 This function uses a non-reentrant model


 *************** function _MasterStop_I2C *****************
 Defined at:
		line 34 in file "I2C.c"
 Parameters:    Size  Location     Type
		None
 Auto vars:     Size  Location     Type
		None
 Return value:  Size  Location     Type
                  1    wreg      void 
 Registers used:
		wreg, status,2, status,0, pclath, cstack
 Tracked objects:
		On entry : 
		On exit  : 
		Unchanged: 
 Data sizes:     COMMON   BANK0   BANK1   BANK3   BANK2
      Params:         0       0       0       0       0
      Locals:         0       0       0       0       0
      Temps:          0       0       0       0       0
      Totals:         0       0       0       0       0
Total ram usage:        0 bytes
 Hardware stack levels used:    1
 Hardware stack levels required when called:    2
 This function calls:
		_waitCondition
 This function is called by:
		_main
 This function uses a non-reentrant model


 *************** function _MasterStart_I2C *****************
 Defined at:
		line 29 in file "I2C.c"
 Parameters:    Size  Location     Type
		None
 Auto vars:     Size  Location     Type
		None
 Return value:  Size  Location     Type
                  1    wreg      void 
 Registers used:
		wreg, status,2, status,0, pclath, cstack
 Tracked objects:
		On entry : 
		On exit  : 
		Unchanged: 
 Data sizes:     COMMON   BANK0   BANK1   BANK3   BANK2
      Params:         0       0       0       0       0
      Locals:         0       0       0       0       0
      Temps:          0       0       0       0       0
      Totals:         0       0       0       0       0
Total ram usage:        0 bytes
 Hardware stack levels used:    1
 Hardware stack levels required when called:    2
 This function calls:
		_waitCondition
 This function is called by:
		_main
 This function uses a non-reentrant model


 *************** function _MasterSend_I2C *****************
 Defined at:
		line 44 in file "I2C.c"
 Parameters:    Size  Location     Type
  dato            1    wreg     unsigned char 
 Auto vars:     Size  Location     Type
  dato            1    2[COMMON] unsigned char 
 Return value:  Size  Location     Type
                  1    wreg      void 
 Registers used:
		wreg, status,2, status,0, pclath, cstack
 Tracked objects:
		On entry : 
		On exit  : 
		Unchanged: 
 Data sizes:     COMMON   BANK0   BANK1   BANK3   BANK2
      Params:         0       0       0       0       0
      Locals:         1       0       0       0       0
      Temps:          0       0       0       0       0
      Totals:         1       0       0       0       0
Total ram usage:        1 bytes
 Hardware stack levels used:    1
 Hardware stack levels required when called:    2
 This function calls:
		_waitCondition
 This function is called by:
		_main
 This function uses a non-reentrant model


 *************** function _MasterRepeatS_I2C *****************
 Defined at:
		line 39 in file "I2C.c"
 Parameters:    Size  Location     Type
		None
 Auto vars:     Size  Location     Type
		None
 Return value:  Size  Location     Type
                  1    wreg      void 
 Registers used:
		wreg, status,2, status,0, pclath, cstack
 Tracked objects:
		On entry : 
		On exit  : 
		Unchanged: 
 Data sizes:     COMMON   BANK0   BANK1   BANK3   BANK2
      Params:         0       0       0       0       0
      Locals:         0       0       0       0       0
      Temps:          0       0       0       0       0
      Totals:         0       0       0       0       0
Total ram usage:        0 bytes
 Hardware stack levels used:    1
 Hardware stack levels required when called:    2
 This function calls:
		_waitCondition
 This function is called by:
		_main
 This function uses a non-reentrant model


 *************** function _MasterReceive_I2C *****************
 Defined at:
		line 49 in file "I2C.c"
 Parameters:    Size  Location     Type
  valor           1    wreg     PTR unsigned char 
		 -> UARTData(1), TempDEC(1), TempENT(1), 
 Auto vars:     Size  Location     Type
  valor           1    3[COMMON] PTR unsigned char 
		 -> UARTData(1), TempDEC(1), TempENT(1), 
 Return value:  Size  Location     Type
                  1    wreg      void 
 Registers used:
		wreg, fsr0l, fsr0h, status,2, status,0, pclath, cstack
 Tracked objects:
		On entry : 
		On exit  : 
		Unchanged: 
 Data sizes:     COMMON   BANK0   BANK1   BANK3   BANK2
      Params:         0       0       0       0       0
      Locals:         1       0       0       0       0
      Temps:          1       0       0       0       0
      Totals:         2       0       0       0       0
Total ram usage:        2 bytes
 Hardware stack levels used:    1
 Hardware stack levels required when called:    2
 This function calls:
		_waitCondition
 This function is called by:
		_main
 This function uses a non-reentrant model


 *************** function _waitCondition *****************
 Defined at:
		line 23 in file "I2C.c"
 Parameters:    Size  Location     Type
		None
 Auto vars:     Size  Location     Type
		None
 Return value:  Size  Location     Type
                  1    wreg      void 
 Registers used:
		wreg, status,2
 Tracked objects:
		On entry : 
		On exit  : 
		Unchanged: 
 Data sizes:     COMMON   BANK0   BANK1   BANK3   BANK2
      Params:         0       0       0       0       0
      Locals:         0       0       0       0       0
      Temps:          0       0       0       0       0
      Totals:         0       0       0       0       0
Total ram usage:        0 bytes
 Hardware stack levels used:    1
 Hardware stack levels required when called:    1
 This function calls:
		Nothing
 This function is called by:
		_MasterStart_I2C
		_MasterStop_I2C
		_MasterRepeatS_I2C
		_MasterSend_I2C
		_MasterReceive_I2C
 This function uses a non-reentrant model


 *************** function _LCDstring *****************
 Defined at:
		line 75 in file "LCDD2.c"
 Parameters:    Size  Location     Type
  mensaje         1    wreg     PTR unsigned char 
		 -> STR_2(8), STR_1(7), 
 Auto vars:     Size  Location     Type
  mensaje         1    5[COMMON] PTR unsigned char 
		 -> STR_2(8), STR_1(7), 
 Return value:  Size  Location     Type
                  1    wreg      void 
 Registers used:
		wreg, fsr0l, fsr0h, status,2, status,0, pclath, cstack
 Tracked objects:
		On entry : 
		On exit  : 
		Unchanged: 
 Data sizes:     COMMON   BANK0   BANK1   BANK3   BANK2
      Params:         0       0       0       0       0
      Locals:         1       0       0       0       0
      Temps:          1       0       0       0       0
      Totals:         2       0       0       0       0
Total ram usage:        2 bytes
 Hardware stack levels used:    1
 Hardware stack levels required when called:    2
 This function calls:
		_dispCHAR
 This function is called by:
		_main
 This function uses a non-reentrant model


 *************** function _dispCHAR *****************
 Defined at:
		line 40 in file "LCDD2.c"
 Parameters:    Size  Location     Type
  b               1    wreg     unsigned char 
 Auto vars:     Size  Location     Type
  b               1    3[COMMON] unsigned char 
 Return value:  Size  Location     Type
                  1    wreg      void 
 Registers used:
		wreg
 Tracked objects:
		On entry : 
		On exit  : 
		Unchanged: 
 Data sizes:     COMMON   BANK0   BANK1   BANK3   BANK2
      Params:         0       0       0       0       0
      Locals:         1       0       0       0       0
      Temps:          1       0       0       0       0
      Totals:         2       0       0       0       0
Total ram usage:        2 bytes
 Hardware stack levels used:    1
 Hardware stack levels required when called:    1
 This function calls:
		Nothing
 This function is called by:
		_main
		_LCDstring
 This function uses a non-reentrant model


 *************** function _DHT11_START *****************
 Defined at:
		line 11 in file "DHT11.c"
 Parameters:    Size  Location     Type
		None
 Auto vars:     Size  Location     Type
		None
 Return value:  Size  Location     Type
                  1    wreg      void 
 Registers used:
		wreg
 Tracked objects:
		On entry : 
		On exit  : 
		Unchanged: 
 Data sizes:     COMMON   BANK0   BANK1   BANK3   BANK2
      Params:         0       0       0       0       0
      Locals:         0       0       0       0       0
      Temps:          2       0       0       0       0
      Totals:         2       0       0       0       0
Total ram usage:        2 bytes
 Hardware stack levels used:    1
 Hardware stack levels required when called:    1
 This function calls:
		Nothing
 This function is called by:
		_main
 This function uses a non-reentrant model


 *************** function _DHT11_ReadData *****************
 Defined at:
		line 45 in file "DHT11.c"
 Parameters:    Size  Location     Type
  datos           1    wreg     PTR unsigned char 
		 -> CHECKSUM(1), dummyT1(1), Temp1(1), dummyHum1(1), 
		 -> Hum1(1), 
 Auto vars:     Size  Location     Type
  datos           1    5[COMMON] PTR unsigned char 
		 -> CHECKSUM(1), dummyT1(1), Temp1(1), dummyHum1(1), 
		 -> Hum1(1), 
  i               1    4[COMMON] unsigned char 
 Return value:  Size  Location     Type
                  1    wreg      void 
 Registers used:
		wreg, fsr0l, fsr0h, status,2, status,0
 Tracked objects:
		On entry : 
		On exit  : 
		Unchanged: 
 Data sizes:     COMMON   BANK0   BANK1   BANK3   BANK2
      Params:         0       0       0       0       0
      Locals:         2       0       0       0       0
      Temps:          2       0       0       0       0
      Totals:         4       0       0       0       0
Total ram usage:        4 bytes
 Hardware stack levels used:    1
 Hardware stack levels required when called:    1
 This function calls:
		Nothing
 This function is called by:
		_main
 This function uses a non-reentrant model


 *************** function _DHT11_ALIVE *****************
 Defined at:
		line 24 in file "DHT11.c"
 Parameters:    Size  Location     Type
		None
 Auto vars:     Size  Location     Type
		None
 Return value:  Size  Location     Type
                  1    wreg      unsigned char 
 Registers used:
		wreg, status,2
 Tracked objects:
		On entry : 
		On exit  : 
		Unchanged: 
 Data sizes:     COMMON   BANK0   BANK1   BANK3   BANK2
      Params:         0       0       0       0       0
      Locals:         0       0       0       0       0
      Temps:          0       0       0       0       0
      Totals:         0       0       0       0       0
Total ram usage:        0 bytes
 Hardware stack levels used:    1
 Hardware stack levels required when called:    1
 This function calls:
		Nothing
 This function is called by:
		_main
 This function uses a non-reentrant model


 *************** function _CONFIG *****************
 Defined at:
		line 171 in file "main.c"
 Parameters:    Size  Location     Type
		None
 Auto vars:     Size  Location     Type
		None
 Return value:  Size  Location     Type
                  1    wreg      void 
 Registers used:
		wreg, status,2, status,0, pclath, cstack
 Tracked objects:
		On entry : 
		On exit  : 
		Unchanged: 
 Data sizes:     COMMON   BANK0   BANK1   BANK3   BANK2
      Params:         0       0       0       0       0
      Locals:         0       0       0       0       0
      Temps:          0       0       0       0       0
      Totals:         0       0       0       0       0
Total ram usage:        0 bytes
 Hardware stack levels used:    1
 Hardware stack levels required when called:    3
 This function calls:
		_MasterInit_I2C
 This function is called by:
		_main
 This function uses a non-reentrant model


 *************** function _MasterInit_I2C *****************
 Defined at:
		line 13 in file "I2C.c"
 Parameters:    Size  Location     Type
  frec            4    8[BANK0 ] unsigned long 
 Auto vars:     Size  Location     Type
		None
 Return value:  Size  Location     Type
                  1    wreg      void 
 Registers used:
		wreg, status,2, status,0, pclath, cstack
 Tracked objects:
		On entry : 
		On exit  : 
		Unchanged: 
 Data sizes:     COMMON   BANK0   BANK1   BANK3   BANK2
      Params:         0       4       0       0       0
      Locals:         0       0       0       0       0
      Temps:          0       4       0       0       0
      Totals:         0       8       0       0       0
Total ram usage:        8 bytes
 Hardware stack levels used:    1
 Hardware stack levels required when called:    2
 This function calls:
		___lldiv
 This function is called by:
		_CONFIG
 This function uses a non-reentrant model


 *************** function ___lldiv *****************
 Defined at:
		line 5 in file "C:\Program Files\Microchip\xc8\v2.31\pic\sources\c90\common\__lldiv.c"
 Parameters:    Size  Location     Type
  divisor         4    0[BANK0 ] unsigned long 
  dividend        4    4[BANK0 ] unsigned long 
 Auto vars:     Size  Location     Type
  quotient        4    3[COMMON] unsigned long 
  counter         1    7[COMMON] unsigned char 
 Return value:  Size  Location     Type
                  4    0[BANK0 ] unsigned long 
 Registers used:
		wreg, status,2, status,0
 Tracked objects:
		On entry : 
		On exit  : 
		Unchanged: 
 Data sizes:     COMMON   BANK0   BANK1   BANK3   BANK2
      Params:         0       8       0       0       0
      Locals:         5       0       0       0       0
      Temps:          1       0       0       0       0
      Totals:         6       8       0       0       0
Total ram usage:       14 bytes
 Hardware stack levels used:    1
 Hardware stack levels required when called:    1
 This function calls:
		Nothing
 This function is called by:
		_MasterInit_I2C
 This function uses a non-reentrant model


 *************** function _interrupcion *****************
 Defined at:
		line 60 in file "main.c"
 Parameters:    Size  Location     Type
		None
 Auto vars:     Size  Location     Type
		None
 Return value:  Size  Location     Type
                  1    wreg      void 
 Registers used:
		None
 Tracked objects:
		On entry : 
		On exit  : 
		Unchanged: 
 Data sizes:     COMMON   BANK0   BANK1   BANK3   BANK2
      Params:         0       0       0       0       0
      Locals:         0       0       0       0       0
      Temps:          2       0       0       0       0
      Totals:         2       0       0       0       0
Total ram usage:        2 bytes
 Hardware stack levels used:    1
 This function calls:
		Nothing
 This function is called by:
		Interrupt level 1
 This function uses a non-reentrant model



MODULE INFORMATION

Module		Function		Class		Link	Load	Size
C:\Program Files\Microchip\xc8\v2.31\pic\sources\c90\common\sprcmul.c
		___flmul       		CODE           	0033	0000	865

C:\Program Files\Microchip\xc8\v2.31\pic\sources\c90\common\sprcmul.c estimated size: 865

C:\Program Files\Microchip\xc8\v2.31\pic\sources\c90\common\__lldiv.c
		___lldiv       		CODE           	0BDE	0000	104

C:\Program Files\Microchip\xc8\v2.31\pic\sources\c90\common\__lldiv.c estimated size: 104

C:\Program Files\Microchip\xc8\v2.31\pic\sources\c90\common\Umul8_16.c
		__Umul8_16     		CODE           	0A9E	0000	41

C:\Program Files\Microchip\xc8\v2.31\pic\sources\c90\common\Umul8_16.c estimated size: 41

LCDD2.c
		_cursorLCD     		CODE           	0A57	0000	35
		_comandoLCD    		CODE           	09D3	0000	20
		_LCDstring     		CODE           	0A17	0000	31
		_initLCD       		CODE           	0B94	0000	74
		_dispCHAR      		CODE           	09C3	0000	16

LCDD2.c estimated size: 176

C:\Program Files\Microchip\xc8\v2.31\pic\sources\c90\common\awmod.c
		___awmod       		CODE           	07A6	0000	89

C:\Program Files\Microchip\xc8\v2.31\pic\sources\c90\common\awmod.c estimated size: 89

I2C.c
		_MasterRepeatS_I2C		CODE           	0990	0000	9
		_MasterReceive_I2C		CODE           	0A36	0000	33
		_waitCondition 		CODE           	09B6	0000	13
		_MasterSend_I2C		CODE           	09AB	0000	11
		_MasterStop_I2C		CODE           	09A2	0000	9
		_MasterInit_I2C		CODE           	0B59	0000	59
		_MasterStart_I2C		CODE           	0999	0000	9

I2C.c estimated size: 143

C:\Program Files\Microchip\xc8\v2.31\pic\sources\c90\common\sprcadd.c
		___flsub       		CODE           	0A7A	0000	36
		___fladd       		CODE           	0394	0000	656

C:\Program Files\Microchip\xc8\v2.31\pic\sources\c90\common\sprcadd.c estimated size: 692

DHT11.c
		_DHT11_ALIVE   		CODE           	0AC7	0000	44
		_DHT11_START   		CODE           	09FC	0000	27
		_DHT11_ReadData		CODE           	0B24	0000	53

DHT11.c estimated size: 124

C:\Program Files\Microchip\xc8\v2.31\pic\sources\c90\common\awdiv.c
		___awdiv       		CODE           	0C46	0000	105

C:\Program Files\Microchip\xc8\v2.31\pic\sources\c90\common\awdiv.c estimated size: 105

shared
		__stringtab    		STRING         	0800	0000	6
		__initialization		CODE           	000F	0000	32

shared estimated size: 38

C:\Program Files\Microchip\xc8\v2.31\pic\sources\c90\common\fltol.c
		___fltol       		CODE           	0CAF	0000	124

C:\Program Files\Microchip\xc8\v2.31\pic\sources\c90\common\fltol.c estimated size: 124

C:\Program Files\Microchip\xc8\v2.31\pic\sources\c90\common\xxtofl.c
		___xxtofl      		CODE           	06EA	0000	188

C:\Program Files\Microchip\xc8\v2.31\pic\sources\c90\common\xxtofl.c estimated size: 188

C:\Program Files\Microchip\xc8\v2.31\pic\sources\c90\common\Umul8.c
		___bmul        		CODE           	09E7	0000	21

C:\Program Files\Microchip\xc8\v2.31\pic\sources\c90\common\Umul8.c estimated size: 21

main.c
		_floToChar     		CODE           	0624	0000	198
		_main          		CODE           	0DA8	0000	600
		_divisiondecimal		CODE           	0D2B	0000	125
		_interrupcion  		CODE           	0989	0000	7
		_CONFIG        		CODE           	0AF3	0000	49

main.c estimated size: 979

