Microchip MPLAB XC8 Compiler V2.31

Linker command line:

-W-3 --edf=C:\Program Files\Microchip\xc8\v2.31\pic\dat\en_msgs.txt -cn \
  -h+dist/default/production\M1P1.X.production.sym \
  --cmf=dist/default/production\M1P1.X.production.cmf -z -Q16F887 \
  -oC:\Users\jalva\AppData\Local\Temp\s3po.3 --defsym=__MPLAB_BUILD=1 \
  -Mdist/default/production/M1P1.X.production.map -E1 -ver=XC8 Compiler \
  --acfsm=1493 -ASTACK=0110h-016Fh -pstack=STACK -ACODE=00h-07FFhx4 \
  -ASTRCODE=00h-01FFFh -ASTRING=00h-0FFhx32 -ACONST=00h-0FFhx32 \
  -AENTRY=00h-0FFhx32 -ACOMMON=070h-07Fh -ABANK0=020h-06Fh \
  -ABANK1=0A0h-0EFh -ABANK2=0110h-016Fh -ABANK3=0190h-01EFh \
  -ARAM=020h-06Fh,0A0h-0EFh,0110h-016Fh,0190h-01EFh \
  -AABS1=020h-07Fh,0A0h-0EFh,0110h-016Fh,0190h-01EFh -ASFR0=00h-01Fh \
  -ASFR1=080h-09Fh -ASFR2=0100h-010Fh -ASFR3=0180h-018Fh \
  -ACONFIG=02007h-02008h -DCONFIG=2 -AIDLOC=02000h-02003h -DIDLOC=2 \
  -AEEDATA=00h-0FFh/02100h -peeprom_data=EEDATA -DEEDATA=2 -DCODE=2 \
  -DSTRCODE=2 -DSTRING=2 -DCONST=2 -DENTRY=2 \
  -preset_vec=00h,intentry=04h,init,end_init -ppowerup=CODE -pcinit=CODE \
  -pfunctab=ENTRY -k C:\Users\jalva\AppData\Local\Temp\s3po.o \
  dist/default/production\M1P1.X.production.o 

Object code version is 3.11

Machine type is 16F887



                Name                               Link     Load   Length Selector   Space Scale
C:\Users\jalva\AppData\Local\Temp\s3po.o
                end_init                              C        C        3        8       0
                reset_vec                             0        0        3        0       0
                config                             2007     2007        2        0       4
dist/default/production\M1P1.X.production.o
                cinit                                 F        F       24        8       0
                intentry                              4        4        8        8       0
                config                             2007     2007        2        0       4
                text31                              966      966       12     12CC       0
                text30                              BAF      BAF       68     175E       0
                text29                              B19      B19       3B     1632       0
                text28                              978      978       12     12F0       0
                text27                              AE3      AE3       36     15C6       0
                text26                              A82      A82       2C     1504       0
                text25                              AAE      AAE       35     155C       0
                text24                              9B3      9B3       1B     1366       0
                text23                              7F0      7F0       10        8       0
                text22                              9CE      9CE       1F     139C       0
                text21                              959      959        D     12B2       0
                text20                              9ED      9ED       21     13DA       0
                text19                              927      927        9     124E       0
                text18                              942      942        B     1284       0
                text17                              930      930        9     1260       0
                text16                              939      939        9     1272       0
                text15                              B54      B54       5B     16A8       0
                text14                              98A      98A       14     1314       0
                text13                              A32      A32       27     1464       0
                text12                              A59      A59       29     14B2       0
                text11                               33       33      361        8       0
                text10                              394      394      290        8       0
                text9                               A0E      A0E       24     141C       0
                text8                               C80      C80       7C     1900       0
                text7                               6EA      6EA       BC        8       0
                text6                               C17      C17       69     182E       0
                text5                               99E      99E       15     133C       0
                text4                               CFC      CFC       7D     19F8       0
                text3                               624      624       C6        8       0
                text2                               7A6      7A6       4A        8       0
                text1                               94D      94D        C     129A       0
                maintext                            D79      D79      287     1AF2       0
                cstackBANK0                          20       20       42       20       1
                cstackCOMMON                         70       70        8       70       1
                cstackBANK1                          AC       AC        A       A0       1
                bssBANK1                             A0       A0        C       A0       1
                bssBANK0                             62       62        8       20       1
                dataCOMMON                           7A       7A        1       70       1
                bssCOMMON                            78       78        2       70       1
                strings                             800      800       15     1000       0
                idataCOMMON                           3        3        1        0       0

TOTAL           Name                               Link     Load   Length     Space
        CLASS   STACK          

        CLASS   CODE           
                end_init                              C        C        3         0
                cinit                                 F        F       24         0
                intentry                              4        4        8         0
                reset_vec                             0        0        3         0
                text31                              966      966       12         0
                text30                              BAF      BAF       68         0
                text29                              B19      B19       3B         0
                text28                              978      978       12         0
                text27                              AE3      AE3       36         0
                text26                              A82      A82       2C         0
                text25                              AAE      AAE       35         0
                text24                              9B3      9B3       1B         0
                text23                              7F0      7F0       10         0
                text22                              9CE      9CE       1F         0
                text21                              959      959        D         0
                text20                              9ED      9ED       21         0
                text19                              927      927        9         0
                text18                              942      942        B         0
                text17                              930      930        9         0
                text16                              939      939        9         0
                text15                              B54      B54       5B         0
                text14                              98A      98A       14         0
                text13                              A32      A32       27         0
                text12                              A59      A59       29         0
                text11                               33       33      361         0
                text10                              394      394      290         0
                text9                               A0E      A0E       24         0
                text8                               C80      C80       7C         0
                text7                               6EA      6EA       BC         0
                text6                               C17      C17       69         0
                text5                               99E      99E       15         0
                text4                               CFC      CFC       7D         0
                text3                               624      624       C6         0
                text2                               7A6      7A6       4A         0
                text1                               94D      94D        C         0
                maintext                            D79      D79      287         0
                idataCOMMON                           3        3        1         0

        CLASS   STRCODE        

        CLASS   STRING         
                strings                             800      800       15         0

        CLASS   CONST          

        CLASS   ENTRY          

        CLASS   COMMON         
                cstackCOMMON                         70       70        8         1
                dataCOMMON                           7A       7A        1         1
                bssCOMMON                            78       78        2         1

        CLASS   BANK0          
                cstackBANK0                          20       20       42         1
                bssBANK0                             62       62        8         1

        CLASS   BANK1          
                cstackBANK1                          AC       AC        A         1
                bssBANK1                             A0       A0        C         1

        CLASS   BANK2          

        CLASS   BANK3          

        CLASS   RAM            

        CLASS   ABS1           
                abs_s1                               7E       7E        2         1

        CLASS   SFR0           

        CLASS   SFR1           

        CLASS   SFR2           

        CLASS   SFR3           

        CLASS   CONFIG         
                config                             2007     2007        2         4

        CLASS   IDLOC          

        CLASS   EEDATA         



SEGMENTS        Name                           Load    Length   Top    Selector   Space  Class     Delta

                reset_vec                      000000  000004  000004         0       0  CODE        2
                intentry                       000004  0007FC  000800         8       0  CODE        2
                cstackBANK0                    000020  00004A  00006A        20       1  BANK0       1
                cstackCOMMON                   000070  00000B  00007B        70       1  COMMON      1
                bssBANK1                       0000A0  000016  0000B6        A0       1  BANK1       1
                strings                        000800  000015  000815      1000       0  STRING      2
                text19                         000927  000009  000930      124E       0  CODE        2
                text17                         000930  000009  000939      1260       0  CODE        2
                text16                         000939  000009  000942      1272       0  CODE        2
                text18                         000942  00000B  00094D      1284       0  CODE        2
                text1                          00094D  00000C  000959      129A       0  CODE        2
                text21                         000959  00000D  000966      12B2       0  CODE        2
                text31                         000966  000012  000978      12CC       0  CODE        2
                text28                         000978  000012  00098A      12F0       0  CODE        2
                text14                         00098A  000014  00099E      1314       0  CODE        2
                text5                          00099E  000015  0009B3      133C       0  CODE        2
                text24                         0009B3  00001B  0009CE      1366       0  CODE        2
                text22                         0009CE  00001F  0009ED      139C       0  CODE        2
                text20                         0009ED  000021  000A0E      13DA       0  CODE        2
                text9                          000A0E  000024  000A32      141C       0  CODE        2
                text13                         000A32  000027  000A59      1464       0  CODE        2
                text12                         000A59  000029  000A82      14B2       0  CODE        2
                text26                         000A82  00002C  000AAE      1504       0  CODE        2
                text25                         000AAE  000035  000AE3      155C       0  CODE        2
                text27                         000AE3  000036  000B19      15C6       0  CODE        2
                text29                         000B19  00003B  000B54      1632       0  CODE        2
                text15                         000B54  00005B  000BAF      16A8       0  CODE        2
                text30                         000BAF  000068  000C17      175E       0  CODE        2
                text6                          000C17  000069  000C80      182E       0  CODE        2
                text8                          000C80  00007C  000CFC      1900       0  CODE        2
                text4                          000CFC  00007D  000D79      19F8       0  CODE        2
                maintext                       000D79  000287  001000      1AF2       0  CODE        2


UNUSED ADDRESS RANGES

        Name                Unused          Largest block    Delta
        BANK0            006A-006F              6           1
        BANK1            00B6-00EF             3A           1
        BANK2            0110-016F             60           1
        BANK3            0190-01EF             60           1
        CODE             0815-0926            112           2
                         1000-1FFF            800
        COMMON           007B-007D              3           1
        CONST            0815-0926             EB           2
                         1000-1FFF            100
        EEDATA           2100-21FF            100           2
        ENTRY            0815-0926             EB           2
                         1000-1FFF            100
        IDLOC            2000-2003              4           2
        RAM              006A-006F              6           1
                         00B6-00EF             3A
                         0110-016F             60
                         0190-01EF             60
        SFR0             0000-001F             20           1
        SFR1             0080-009F             20           1
        SFR2             0100-010F             10           1
        SFR3             0180-018F             10           1
        STACK            0110-016F             60           1
        STRCODE          0815-0926            112           2
                         1000-1FFF           1000
        STRING           0815-0926             EB           2
                         1000-1FFF            100

                                  Symbol Table

?__Umul8_16                 cstackCOMMON 0073
?___awdiv                   cstackCOMMON 0073
?___awmod                   cstackCOMMON 0073
?___fladd                   cstackBANK0  0020
?___flmul                   cstackBANK0  002A
?___flsub                   cstackBANK0  0030
?___fltol                   cstackBANK0  0044
?___lldiv                   cstackBANK0  0020
?___xxtofl                  cstackCOMMON 0073
DHT11_ReadData@datos        cstackCOMMON 0076
DHT11_ReadData@i            cstackCOMMON 0075
LCDstring@mensaje           cstackCOMMON 0076
MasterInit_I2C@frec         cstackBANK0  002D
MasterReceive_I2C@valor     cstackCOMMON 0074
MasterSend_I2C@dato         cstackCOMMON 0073
_ANSEL                      (abs)        0188
_ANSELH                     (abs)        0189
_CHECKSUM                   bssBANK0     0065
_CONFIG                     text27       0AE3
_DHT11_ALIVE                text26       0A82
_DHT11_ReadData             text25       0AAE
_DHT11_START                text24       09B3
_Hum1                       bssBANK0     0067
_HumR                       bssCOMMON    0078
_INTCONbits                 (abs)        000B
_LCDstring                  text22       09CE
_MasterInit_I2C             text29       0B19
_MasterReceive_I2C          text20       09ED
_MasterRepeatS_I2C          text19       0927
_MasterSend_I2C             text18       0942
_MasterStart_I2C            text17       0930
_MasterStop_I2C             text16       0939
_OSCCONbits                 (abs)        008F
_PIE1bits                   (abs)        008C
_PIR1bits                   (abs)        000C
_PORTA                      (abs)        0005
_PORTB                      (abs)        0006
_PORTBbits                  (abs)        0006
_PORTD                      (abs)        0008
_RCREG                      (abs)        001A
_RCSTAbits                  (abs)        0018
_RE0                        (abs)        0048
_RE1                        (abs)        0049
_RE2                        (abs)        004A
_SPBRG                      (abs)        0099
_SSPADD                     (abs)        0093
_SSPBUF                     (abs)        0013
_SSPCON                     (abs)        0014
_SSPCON2                    (abs)        0091
_SSPCON2bits                (abs)        0091
_SSPSTAT                    (abs)        0094
_T1CON                      (abs)        0010
_T1CONbits                  (abs)        0010
_TEMPdig                    bssBANK1     00A6
_TMR1H                      (abs)        000F
_TMR1L                      (abs)        000E
_TRISA                      (abs)        0085
_TRISB                      (abs)        0086
_TRISCbits                  (abs)        0087
_TRISD                      (abs)        0088
_TRISEbits                  (abs)        0089
_TXREG                      (abs)        0019
_TXSTAbits                  (abs)        0098
_Temp1                      bssBANK0     0069
_TempDEC                    bssBANK0     0063
_TempENT                    bssBANK0     0064
_UARTData                   bssBANK0     0062
__Habs1                     abs1         0000
__Hbank0                    bank0        0000
__Hbank1                    bank1        0000
__Hbank2                    bank2        0000
__Hbank3                    bank3        0000
__HbssBANK0                 bssBANK0     0000
__HbssBANK1                 bssBANK1     0000
__HbssCOMMON                bssCOMMON    0000
__Hcinit                    cinit        0033
__Hclrtext                  clrtext      0000
__Hcode                     code         0000
__Hcommon                   common       0000
__Hconfig                   config       2009
__HcstackBANK0              cstackBANK0  0000
__HcstackBANK1              cstackBANK1  0000
__HcstackCOMMON             cstackCOMMON 0000
__HdataCOMMON               dataCOMMON   0000
__Heeprom_data              eeprom_data  0000
__Hend_init                 end_init     000F
__Hfunctab                  functab      0000
__HidataCOMMON              idataCOMMON  0000
__Hinit                     init         000C
__Hintentry                 intentry     000C
__Hmaintext                 maintext     0000
__Hpowerup                  powerup      0000
__Hram                      ram          0000
__Hreset_vec                reset_vec    0003
__Hsfr0                     sfr0         0000
__Hsfr1                     sfr1         0000
__Hsfr2                     sfr2         0000
__Hsfr3                     sfr3         0000
__Hspace_0                  (abs)        1000
__Hspace_1                  (abs)        00B6
__Hspace_2                  (abs)        0000
__Hspace_3                  (abs)        0000
__Hspace_4                  (abs)        4010
__Hstack                    stack        0000
__Hstrings                  strings      0000
__Htext                     text         0000
__Labs1                     abs1         0000
__Lbank0                    bank0        0000
__Lbank1                    bank1        0000
__Lbank2                    bank2        0000
__Lbank3                    bank3        0000
__LbssBANK0                 bssBANK0     0000
__LbssBANK1                 bssBANK1     0000
__LbssCOMMON                bssCOMMON    0000
__Lcinit                    cinit        000F
__Lclrtext                  clrtext      0000
__Lcode                     code         0000
__Lcommon                   common       0000
__Lconfig                   config       0000
__LcstackBANK0              cstackBANK0  0000
__LcstackBANK1              cstackBANK1  0000
__LcstackCOMMON             cstackCOMMON 0000
__LdataCOMMON               dataCOMMON   0000
__Leeprom_data              eeprom_data  0000
__Lend_init                 end_init     000C
__Lfunctab                  functab      0000
__LidataCOMMON              idataCOMMON  0000
__Linit                     init         000C
__Lintentry                 intentry     0004
__Lmaintext                 maintext     0000
__Lpowerup                  powerup      0000
__Lram                      ram          0000
__Lreset_vec                reset_vec    0000
__Lsfr0                     sfr0         0000
__Lsfr1                     sfr1         0000
__Lsfr2                     sfr2         0000
__Lsfr3                     sfr3         0000
__Lspace_0                  (abs)        0000
__Lspace_1                  (abs)        0000
__Lspace_2                  (abs)        0000
__Lspace_3                  (abs)        0000
__Lspace_4                  (abs)        0000
__Lstack                    stack        0000
__Lstrings                  strings      0000
__Ltext                     text         0000
__S0                        (abs)        1000
__S1                        (abs)        00B6
__S2                        (abs)        0000
__S3                        (abs)        0000
__Umul8_16                  text12       0A59
__Umul8_16@multiplicand     cstackCOMMON 0073
__Umul8_16@multiplier       cstackBANK0  0024
__Umul8_16@product          cstackBANK0  0020
__Umul8_16@word_mpld        cstackBANK0  0022
___awdiv                    text6        0C17
___awdiv@counter            cstackBANK0  0020
___awdiv@dividend           cstackCOMMON 0075
___awdiv@divisor            cstackCOMMON 0073
___awdiv@quotient           cstackBANK0  0022
___awdiv@sign               cstackBANK0  0021
___awmod                    text15       0B54
___awmod@counter            cstackBANK0  0020
___awmod@dividend           cstackCOMMON 0075
___awmod@divisor            cstackCOMMON 0073
___awmod@sign               cstackBANK0  0021
___bmul                     text5        099E
___bmul@multiplicand        cstackCOMMON 0073
___bmul@multiplier          cstackCOMMON 0076
___bmul@product             cstackCOMMON 0075
___fladd                    text10       0394
___fladd@a                  cstackBANK0  0024
___fladd@aexp               cstackCOMMON 0074
___fladd@b                  cstackBANK0  0020
___fladd@bexp               cstackCOMMON 0075
___fladd@grs                cstackCOMMON 0076
___fladd@signs              cstackCOMMON 0073
___flmul                    text11       0033
___flmul@a                  cstackBANK0  002E
___flmul@aexp               cstackBANK0  003C
___flmul@b                  cstackBANK0  002A
___flmul@bexp               cstackBANK0  003D
___flmul@grs                cstackBANK0  0038
___flmul@prod               cstackBANK0  003E
___flmul@sign               cstackBANK0  0037
___flmul@temp               cstackBANK0  0042
___flsub                    text9        0A0E
___flsub@a                  cstackBANK0  0030
___flsub@b                  cstackBANK0  0034
___fltol                    text8        0C80
___fltol@exp1               cstackBANK0  004E
___fltol@f1                 cstackBANK0  0044
___fltol@sign1              cstackBANK0  004D
___int_sp                   stack        0000
___latbits                  (abs)        0002
___lldiv                    text30       0BAF
___lldiv@counter            cstackBANK0  002C
___lldiv@dividend           cstackBANK0  0024
___lldiv@divisor            cstackBANK0  0020
___lldiv@quotient           cstackBANK0  0028
___sp                       stack        0000
___stackhi                  (abs)        0000
___stacklo                  (abs)        0000
___xxtofl                   text7        06EA
___xxtofl@arg               cstackBANK0  0026
___xxtofl@exp               cstackBANK0  0025
___xxtofl@sign              cstackBANK0  0024
___xxtofl@val               cstackCOMMON 0073
__end_of_CONFIG             text27       0B19
__end_of_DHT11_ALIVE        text26       0AAE
__end_of_DHT11_ReadData     text25       0AE3
__end_of_DHT11_START        text24       09CE
__end_of_LCDstring          text22       09ED
__end_of_MasterInit_I2C     text29       0B54
__end_of_MasterReceive_I2C  text20       0A0E
__end_of_MasterRepeatS_I2C  text19       0930
__end_of_MasterSend_I2C     text18       094D
__end_of_MasterStart_I2C    text17       0939
__end_of_MasterStop_I2C     text16       0942
__end_of__Umul8_16          text12       0A82
__end_of___awdiv            text6        0C80
__end_of___awmod            text15       0BAF
__end_of___bmul             text5        09B3
__end_of___fladd            text10       0624
__end_of___flmul            text11       0394
__end_of___flsub            text9        0A32
__end_of___fltol            text8        0CFC
__end_of___lldiv            text30       0C17
__end_of___xxtofl           text7        07A6
__end_of__initialization    cinit        002F
__end_of__stringtab         strings      0806
__end_of_comandoLCD         text14       099E
__end_of_configUART         text28       098A
__end_of_cursorLCD          text13       0A59
__end_of_dispCHAR           text23       0800
__end_of_divisiondecimal    text4        0D79
__end_of_floToChar          text3        06EA
__end_of_initLCD            text2        07F0
__end_of_interrupcion       text31       0978
__end_of_main               maintext     1000
__end_of_send1dato          text1        0959
__end_of_waitCondition      text21       0966
__initialization            cinit        000F
__pbssBANK0                 bssBANK0     0062
__pbssBANK1                 bssBANK1     00A0
__pbssCOMMON                bssCOMMON    0078
__pcstackBANK0              cstackBANK0  0020
__pcstackBANK1              cstackBANK1  00AC
__pcstackCOMMON             cstackCOMMON 0070
__pdataCOMMON               dataCOMMON   007A
__pidataCOMMON              idataCOMMON  0003
__pintentry                 intentry     0004
__pmaintext                 maintext     0D79
__pstrings                  strings      0800
__ptext1                    text1        094D
__ptext10                   text10       0394
__ptext11                   text11       0033
__ptext12                   text12       0A59
__ptext13                   text13       0A32
__ptext14                   text14       098A
__ptext15                   text15       0B54
__ptext16                   text16       0939
__ptext17                   text17       0930
__ptext18                   text18       0942
__ptext19                   text19       0927
__ptext2                    text2        07A6
__ptext20                   text20       09ED
__ptext21                   text21       0959
__ptext22                   text22       09CE
__ptext23                   text23       07F0
__ptext24                   text24       09B3
__ptext25                   text25       0AAE
__ptext26                   text26       0A82
__ptext27                   text27       0AE3
__ptext28                   text28       0978
__ptext29                   text29       0B19
__ptext3                    text3        0624
__ptext30                   text30       0BAF
__ptext31                   text31       0966
__ptext4                    text4        0CFC
__ptext5                    text5        099E
__ptext6                    text6        0C17
__ptext7                    text7        06EA
__ptext8                    text8        0C80
__ptext9                    text9        0A0E
__size_of_CONFIG            (abs)        0000
__size_of_DHT11_ALIVE       (abs)        0000
__size_of_DHT11_ReadData    (abs)        0000
__size_of_DHT11_START       (abs)        0000
__size_of_LCDstring         (abs)        0000
__size_of_MasterInit_I2C    (abs)        0000
__size_of_MasterReceive_I2C (abs)        0000
__size_of_MasterRepeatS_I2C (abs)        0000
__size_of_MasterSend_I2C    (abs)        0000
__size_of_MasterStart_I2C   (abs)        0000
__size_of_MasterStop_I2C    (abs)        0000
__size_of__Umul8_16         (abs)        0000
__size_of___awdiv           (abs)        0000
__size_of___awmod           (abs)        0000
__size_of___bmul            (abs)        0000
__size_of___fladd           (abs)        0000
__size_of___flmul           (abs)        0000
__size_of___flsub           (abs)        0000
__size_of___fltol           (abs)        0000
__size_of___lldiv           (abs)        0000
__size_of___xxtofl          (abs)        0000
__size_of_comandoLCD        (abs)        0000
__size_of_configUART        (abs)        0000
__size_of_cursorLCD         (abs)        0000
__size_of_dispCHAR          (abs)        0000
__size_of_divisiondecimal   (abs)        0000
__size_of_floToChar         (abs)        0000
__size_of_initLCD           (abs)        0000
__size_of_interrupcion      (abs)        0000
__size_of_main              (abs)        0000
__size_of_send1dato         (abs)        0000
__size_of_waitCondition     (abs)        0000
__stringbase                strings      0805
__stringtab                 strings      0800
_comandoLCD                 text14       098A
_configUART                 text28       0978
_cursorLCD                  text13       0A32
_digTemp                    bssBANK1     00A0
_dispCHAR                   text23       07F0
_divisiondecimal            text4        0CFC
_dummyHum1                  bssBANK0     0066
_dummyT1                    bssBANK0     0068
_floToChar                  text3        0624
_initLCD                    text2        07A6
_interrupcion               text31       0966
_main                       maintext     0D79
_send1dato                  text1        094D
_temp                       bssBANK1     00A4
_waitCondition              text21       0959
btemp                       (abs)        007E
comandoLCD@cmd              cstackCOMMON 0075
cursorLCD@columna           cstackCOMMON 0076
cursorLCD@fila              cstackBANK0  0020
cursorLCD@temp              cstackBANK0  0021
dispCHAR@b                  cstackCOMMON 0074
divisiondecimal@cent        cstackBANK0  0026
divisiondecimal@conteo      cstackBANK0  002A
divisiondecimal@dec         cstackBANK0  0025
divisiondecimal@div         cstackBANK0  002B
divisiondecimal@un          cstackBANK0  0024
end_of_initialization       cinit        002F
floToChar@decimal           cstackBANK0  005C
floToChar@digdecimal        cstackBANK0  005F
floToChar@entero            cstackBANK0  005E
floToChar@salida            cstackBANK0  0053
floToChar@temp              cstackBANK0  0058
floToChar@valor             cstackBANK0  004F
interrupt_function          intentry     0004
intlevel0                   functab      0000
intlevel1                   functab      0000
intlevel2                   functab      0000
intlevel3                   functab      0000
intlevel4                   functab      0000
intlevel5                   functab      0000
reset_vec                   reset_vec    0000
saved_w                     (abs)        007E
send1dato@dato              cstackCOMMON 0073
start                       init         000C
start_initialization        cinit        000F
wtemp0                      (abs)        007E


FUNCTION INFORMATION:

 *************** function _main *****************
 Defined at:
		line 72 in file "main.c"
 Parameters:    Size  Location     Type
		None
 Auto vars:     Size  Location     Type
		None
 Return value:  Size  Location     Type
                  1    wreg      void 
 Registers used:
		wreg, fsr0l, fsr0h, status,2, status,0, btemp+1, pclath, cstack
 Tracked objects:
		On entry : 
		On exit  : 
		Unchanged: 
 Data sizes:     COMMON   BANK0   BANK1   BANK3   BANK2
      Params:         0       0       0       0       0
      Locals:         0       0       0       0       0
      Temps:          0       0      10       0       0
      Totals:         0       0      10       0       0
Total ram usage:       10 bytes
 Hardware stack levels required when called:    4
 This function calls:
		_CONFIG
		_DHT11_ALIVE
		_DHT11_ReadData
		_DHT11_START
		_LCDstring
		_MasterReceive_I2C
		_MasterRepeatS_I2C
		_MasterSend_I2C
		_MasterStart_I2C
		_MasterStop_I2C
		___awdiv
		___awmod
		___flmul
		___xxtofl
		_cursorLCD
		_dispCHAR
		_floToChar
		_initLCD
		_send1dato
 This function is called by:
		Startup code after reset
 This function uses a non-reentrant model


 *************** function _send1dato *****************
 Defined at:
		line 26 in file "UART.c"
 Parameters:    Size  Location     Type
  dato            1    wreg     unsigned char 
 Auto vars:     Size  Location     Type
  dato            1    3[COMMON] unsigned char 
 Return value:  Size  Location     Type
                  1    wreg      void 
 Registers used:
		wreg
 Tracked objects:
		On entry : 
		On exit  : 
		Unchanged: 
 Data sizes:     COMMON   BANK0   BANK1   BANK3   BANK2
      Params:         0       0       0       0       0
      Locals:         1       0       0       0       0
      Temps:          0       0       0       0       0
      Totals:         1       0       0       0       0
Total ram usage:        1 bytes
 Hardware stack levels used:    1
 Hardware stack levels required when called:    1
 This function calls:
		Nothing
 This function is called by:
		_main
		_sendString
 This function uses a non-reentrant model


 *************** function _initLCD *****************
 Defined at:
		line 20 in file "LCDD2.c"
 Parameters:    Size  Location     Type
		None
 Auto vars:     Size  Location     Type
		None
 Return value:  Size  Location     Type
                  1    wreg      void 
 Registers used:
		wreg, status,2, status,0, pclath, cstack
 Tracked objects:
		On entry : 
		On exit  : 
		Unchanged: 
 Data sizes:     COMMON   BANK0   BANK1   BANK3   BANK2
      Params:         0       0       0       0       0
      Locals:         0       0       0       0       0
      Temps:          2       0       0       0       0
      Totals:         2       0       0       0       0
Total ram usage:        2 bytes
 Hardware stack levels used:    1
 Hardware stack levels required when called:    2
 This function calls:
		_comandoLCD
 This function is called by:
		_main
 This function uses a non-reentrant model


 *************** function _floToChar *****************
 Defined at:
		line 210 in file "main.c"
 Parameters:    Size  Location     Type
  valor           4   47[BANK0 ] const float 
  salida          1   51[BANK0 ] PTR unsigned char 
		 -> TEMPdig(6), 
 Auto vars:     Size  Location     Type
  temp            4   56[BANK0 ] float 
  digdecimal      3   63[BANK0 ] unsigned char [3]
  decimal         2   60[BANK0 ] unsigned int 
  entero          1   62[BANK0 ] unsigned char 
 Return value:  Size  Location     Type
                  1    wreg      void 
 Registers used:
		wreg, fsr0l, fsr0h, status,2, status,0, btemp+1, pclath, cstack
 Tracked objects:
		On entry : 
		On exit  : 
		Unchanged: 
 Data sizes:     COMMON   BANK0   BANK1   BANK3   BANK2
      Params:         0       5       0       0       0
      Locals:         0      10       0       0       0
      Temps:          0       4       0       0       0
      Totals:         0      19       0       0       0
Total ram usage:       19 bytes
 Hardware stack levels used:    1
 Hardware stack levels required when called:    3
 This function calls:
		___flmul
		___flsub
		___fltol
		___xxtofl
		_divisiondecimal
 This function is called by:
		_main
 This function uses a non-reentrant model


 *************** function _divisiondecimal *****************
 Defined at:
		line 229 in file "main.c"
 Parameters:    Size  Location     Type
  conteo          1    wreg     unsigned char 
  un              1    4[BANK0 ] PTR unsigned char 
		 -> floToChar@digdecimal(3), 
  dec             1    5[BANK0 ] PTR unsigned char 
		 -> floToChar@digdecimal(3), 
  cent            1    6[BANK0 ] PTR unsigned char 
		 -> floToChar@digdecimal(3), 
 Auto vars:     Size  Location     Type
  conteo          1   10[BANK0 ] unsigned char 
  div             1   11[BANK0 ] unsigned char 
 Return value:  Size  Location     Type
                  1    wreg      void 
 Registers used:
		wreg, fsr0l, fsr0h, status,2, status,0, pclath, cstack
 Tracked objects:
		On entry : 
		On exit  : 
		Unchanged: 
 Data sizes:     COMMON   BANK0   BANK1   BANK3   BANK2
      Params:         0       3       0       0       0
      Locals:         0       2       0       0       0
      Temps:          0       3       0       0       0
      Totals:         0       8       0       0       0
Total ram usage:        8 bytes
 Hardware stack levels used:    1
 Hardware stack levels required when called:    2
 This function calls:
		___awdiv
		___bmul
 This function is called by:
		_floToChar
 This function uses a non-reentrant model


 *************** function ___bmul *****************
 Defined at:
		line 4 in file "C:\Program Files\Microchip\xc8\v2.31\pic\sources\c90\common\Umul8.c"
 Parameters:    Size  Location     Type
  multiplier      1    wreg     unsigned char 
  multiplicand    1    3[COMMON] unsigned char 
 Auto vars:     Size  Location     Type
  multiplier      1    6[COMMON] unsigned char 
  product         1    5[COMMON] unsigned char 
 Return value:  Size  Location     Type
                  1    wreg      unsigned char 
 Registers used:
		wreg, status,2, status,0
 Tracked objects:
		On entry : 
		On exit  : 
		Unchanged: 
 Data sizes:     COMMON   BANK0   BANK1   BANK3   BANK2
      Params:         1       0       0       0       0
      Locals:         2       0       0       0       0
      Temps:          1       0       0       0       0
      Totals:         4       0       0       0       0
Total ram usage:        4 bytes
 Hardware stack levels used:    1
 Hardware stack levels required when called:    1
 This function calls:
		Nothing
 This function is called by:
		_divisiondecimal
 This function uses a non-reentrant model


 *************** function ___awdiv *****************
 Defined at:
		line 5 in file "C:\Program Files\Microchip\xc8\v2.31\pic\sources\c90\common\awdiv.c"
 Parameters:    Size  Location     Type
  divisor         2    3[COMMON] int 
  dividend        2    5[COMMON] int 
 Auto vars:     Size  Location     Type
  quotient        2    2[BANK0 ] int 
  sign            1    1[BANK0 ] unsigned char 
  counter         1    0[BANK0 ] unsigned char 
 Return value:  Size  Location     Type
                  2    3[COMMON] int 
 Registers used:
		wreg, status,2, status,0
 Tracked objects:
		On entry : 
		On exit  : 
		Unchanged: 
 Data sizes:     COMMON   BANK0   BANK1   BANK3   BANK2
      Params:         4       0       0       0       0
      Locals:         0       4       0       0       0
      Temps:          1       0       0       0       0
      Totals:         5       4       0       0       0
Total ram usage:        9 bytes
 Hardware stack levels used:    1
 Hardware stack levels required when called:    1
 This function calls:
		Nothing
 This function is called by:
		_main
		_divisiondecimal
 This function uses a non-reentrant model


 *************** function ___xxtofl *****************
 Defined at:
		line 10 in file "C:\Program Files\Microchip\xc8\v2.31\pic\sources\c90\common\xxtofl.c"
 Parameters:    Size  Location     Type
  sign            1    wreg     unsigned char 
  val             4    3[COMMON] long 
 Auto vars:     Size  Location     Type
  sign            1    4[BANK0 ] unsigned char 
  arg             4    6[BANK0 ] unsigned long 
  exp             1    5[BANK0 ] unsigned char 
 Return value:  Size  Location     Type
                  4    3[COMMON] unsigned char 
 Registers used:
		wreg, status,2, status,0
 Tracked objects:
		On entry : 
		On exit  : 
		Unchanged: 
 Data sizes:     COMMON   BANK0   BANK1   BANK3   BANK2
      Params:         4       0       0       0       0
      Locals:         0       6       0       0       0
      Temps:          0       4       0       0       0
      Totals:         4      10       0       0       0
Total ram usage:       14 bytes
 Hardware stack levels used:    1
 Hardware stack levels required when called:    1
 This function calls:
		Nothing
 This function is called by:
		_main
		_floToChar
 This function uses a non-reentrant model


 *************** function ___fltol *****************
 Defined at:
		line 43 in file "C:\Program Files\Microchip\xc8\v2.31\pic\sources\c90\common\fltol.c"
 Parameters:    Size  Location     Type
  f1              4   36[BANK0 ] unsigned char 
 Auto vars:     Size  Location     Type
  exp1            1   46[BANK0 ] unsigned char 
  sign1           1   45[BANK0 ] unsigned char 
 Return value:  Size  Location     Type
                  4   36[BANK0 ] long 
 Registers used:
		wreg, status,2, status,0
 Tracked objects:
		On entry : 
		On exit  : 
		Unchanged: 
 Data sizes:     COMMON   BANK0   BANK1   BANK3   BANK2
      Params:         0       4       0       0       0
      Locals:         0       2       0       0       0
      Temps:          0       5       0       0       0
      Totals:         0      11       0       0       0
Total ram usage:       11 bytes
 Hardware stack levels used:    1
 Hardware stack levels required when called:    1
 This function calls:
		Nothing
 This function is called by:
		_floToChar
 This function uses a non-reentrant model


 *************** function ___flsub *****************
 Defined at:
		line 242 in file "C:\Program Files\Microchip\xc8\v2.31\pic\sources\c90\common\sprcadd.c"
 Parameters:    Size  Location     Type
  a               4   16[BANK0 ] long 
  b               4   20[BANK0 ] long 
 Auto vars:     Size  Location     Type
		None
 Return value:  Size  Location     Type
                  4   16[BANK0 ] long 
 Registers used:
		wreg, status,2, status,0, btemp+1, pclath, cstack
 Tracked objects:
		On entry : 
		On exit  : 
		Unchanged: 
 Data sizes:     COMMON   BANK0   BANK1   BANK3   BANK2
      Params:         0       8       0       0       0
      Locals:         0       0       0       0       0
      Temps:          0       0       0       0       0
      Totals:         0       8       0       0       0
Total ram usage:        8 bytes
 Hardware stack levels used:    1
 Hardware stack levels required when called:    2
 This function calls:
		___fladd
 This function is called by:
		_floToChar
 This function uses a non-reentrant model


 *************** function ___fladd *****************
 Defined at:
		line 10 in file "C:\Program Files\Microchip\xc8\v2.31\pic\sources\c90\common\sprcadd.c"
 Parameters:    Size  Location     Type
  b               4    0[BANK0 ] long 
  a               4    4[BANK0 ] long 
 Auto vars:     Size  Location     Type
  grs             1    6[COMMON] unsigned char 
  bexp            1    5[COMMON] unsigned char 
  aexp            1    4[COMMON] unsigned char 
  signs           1    3[COMMON] unsigned char 
 Return value:  Size  Location     Type
                  4    0[BANK0 ] unsigned char 
 Registers used:
		wreg, status,2, status,0, btemp+1
 Tracked objects:
		On entry : 
		On exit  : 
		Unchanged: 
 Data sizes:     COMMON   BANK0   BANK1   BANK3   BANK2
      Params:         0       8       0       0       0
      Locals:         4       0       0       0       0
      Temps:          0       8       0       0       0
      Totals:         4      16       0       0       0
Total ram usage:       20 bytes
 Hardware stack levels used:    1
 Hardware stack levels required when called:    1
 This function calls:
		Nothing
 This function is called by:
		___flsub
 This function uses a non-reentrant model


 *************** function ___flmul *****************
 Defined at:
		line 8 in file "C:\Program Files\Microchip\xc8\v2.31\pic\sources\c90\common\sprcmul.c"
 Parameters:    Size  Location     Type
  b               4   10[BANK0 ] unsigned char 
  a               4   14[BANK0 ] unsigned char 
 Auto vars:     Size  Location     Type
  prod            4   30[BANK0 ] struct .
  grs             4   24[BANK0 ] unsigned long 
  temp            2   34[BANK0 ] struct .
  bexp            1   29[BANK0 ] unsigned char 
  aexp            1   28[BANK0 ] unsigned char 
  sign            1   23[BANK0 ] unsigned char 
 Return value:  Size  Location     Type
                  4   10[BANK0 ] unsigned char 
 Registers used:
		wreg, status,2, status,0, btemp+1, pclath, cstack
 Tracked objects:
		On entry : 
		On exit  : 
		Unchanged: 
 Data sizes:     COMMON   BANK0   BANK1   BANK3   BANK2
      Params:         0       8       0       0       0
      Locals:         0      13       0       0       0
      Temps:          0       5       0       0       0
      Totals:         0      26       0       0       0
Total ram usage:       26 bytes
 Hardware stack levels used:    1
 Hardware stack levels required when called:    2
 This function calls:
		__Umul8_16
 This function is called by:
		_main
		_floToChar
 This function uses a non-reentrant model


 *************** function __Umul8_16 *****************
 Defined at:
		line 4 in file "C:\Program Files\Microchip\xc8\v2.31\pic\sources\c90\common\Umul8_16.c"
 Parameters:    Size  Location     Type
  multiplier      1    wreg     unsigned char 
  multiplicand    1    3[COMMON] unsigned char 
 Auto vars:     Size  Location     Type
  multiplier      1    4[BANK0 ] unsigned char 
  word_mpld       2    2[BANK0 ] unsigned int 
  product         2    0[BANK0 ] unsigned int 
 Return value:  Size  Location     Type
                  2    3[COMMON] unsigned int 
 Registers used:
		wreg, status,2, status,0
 Tracked objects:
		On entry : 
		On exit  : 
		Unchanged: 
 Data sizes:     COMMON   BANK0   BANK1   BANK3   BANK2
      Params:         2       0       0       0       0
      Locals:         0       5       0       0       0
      Temps:          2       0       0       0       0
      Totals:         4       5       0       0       0
Total ram usage:        9 bytes
 Hardware stack levels used:    1
 Hardware stack levels required when called:    1
 This function calls:
		Nothing
 This function is called by:
		___flmul
 This function uses a non-reentrant model


 *************** function _cursorLCD *****************
 Defined at:
		line 50 in file "LCDD2.c"
 Parameters:    Size  Location     Type
  fila            1    wreg     unsigned char 
  columna         1    6[COMMON] unsigned char 
 Auto vars:     Size  Location     Type
  fila            1    0[BANK0 ] unsigned char 
  temp            1    1[BANK0 ] unsigned char 
 Return value:  Size  Location     Type
                  1    wreg      void 
 Registers used:
		wreg, status,2, status,0, pclath, cstack
 Tracked objects:
		On entry : 
		On exit  : 
		Unchanged: 
 Data sizes:     COMMON   BANK0   BANK1   BANK3   BANK2
      Params:         1       0       0       0       0
      Locals:         0       2       0       0       0
      Temps:          1       0       0       0       0
      Totals:         2       2       0       0       0
Total ram usage:        4 bytes
 Hardware stack levels used:    1
 Hardware stack levels required when called:    2
 This function calls:
		_comandoLCD
 This function is called by:
		_main
 This function uses a non-reentrant model


 *************** function _comandoLCD *****************
 Defined at:
		line 63 in file "LCDD2.c"
 Parameters:    Size  Location     Type
  cmd             1    wreg     unsigned char 
 Auto vars:     Size  Location     Type
  cmd             1    5[COMMON] unsigned char 
 Return value:  Size  Location     Type
                  1    wreg      void 
 Registers used:
		wreg
 Tracked objects:
		On entry : 
		On exit  : 
		Unchanged: 
 Data sizes:     COMMON   BANK0   BANK1   BANK3   BANK2
      Params:         0       0       0       0       0
      Locals:         1       0       0       0       0
      Temps:          2       0       0       0       0
      Totals:         3       0       0       0       0
Total ram usage:        3 bytes
 Hardware stack levels used:    1
 Hardware stack levels required when called:    1
 This function calls:
		Nothing
 This function is called by:
		_initLCD
		_cursorLCD
		_ClearLCD
 This function uses a non-reentrant model


 *************** function ___awmod *****************
 Defined at:
		line 5 in file "C:\Program Files\Microchip\xc8\v2.31\pic\sources\c90\common\awmod.c"
 Parameters:    Size  Location     Type
  divisor         2    3[COMMON] int 
  dividend        2    5[COMMON] int 
 Auto vars:     Size  Location     Type
  sign            1    1[BANK0 ] unsigned char 
  counter         1    0[BANK0 ] unsigned char 
 Return value:  Size  Location     Type
                  2    3[COMMON] int 
 Registers used:
		wreg, status,2, status,0
 Tracked objects:
		On entry : 
		On exit  : 
		Unchanged: 
 Data sizes:     COMMON   BANK0   BANK1   BANK3   BANK2
      Params:         4       0       0       0       0
      Locals:         0       2       0       0       0
      Temps:          1       0       0       0       0
      Totals:         5       2       0       0       0
Total ram usage:        7 bytes
 Hardware stack levels used:    1
 Hardware stack levels required when called:    1
 This function calls:
		Nothing
 This function is called by:
		_main
 This function uses a non-reentrant model


 *************** function _MasterStop_I2C *****************
 Defined at:
		line 34 in file "I2C.c"
 Parameters:    Size  Location     Type
		None
 Auto vars:     Size  Location     Type
		None
 Return value:  Size  Location     Type
                  1    wreg      void 
 Registers used:
		wreg, status,2, status,0, pclath, cstack
 Tracked objects:
		On entry : 
		On exit  : 
		Unchanged: 
 Data sizes:     COMMON   BANK0   BANK1   BANK3   BANK2
      Params:         0       0       0       0       0
      Locals:         0       0       0       0       0
      Temps:          0       0       0       0       0
      Totals:         0       0       0       0       0
Total ram usage:        0 bytes
 Hardware stack levels used:    1
 Hardware stack levels required when called:    2
 This function calls:
		_waitCondition
 This function is called by:
		_main
 This function uses a non-reentrant model


 *************** function _MasterStart_I2C *****************
 Defined at:
		line 29 in file "I2C.c"
 Parameters:    Size  Location     Type
		None
 Auto vars:     Size  Location     Type
		None
 Return value:  Size  Location     Type
                  1    wreg      void 
 Registers used:
		wreg, status,2, status,0, pclath, cstack
 Tracked objects:
		On entry : 
		On exit  : 
		Unchanged: 
 Data sizes:     COMMON   BANK0   BANK1   BANK3   BANK2
      Params:         0       0       0       0       0
      Locals:         0       0       0       0       0
      Temps:          0       0       0       0       0
      Totals:         0       0       0       0       0
Total ram usage:        0 bytes
 Hardware stack levels used:    1
 Hardware stack levels required when called:    2
 This function calls:
		_waitCondition
 This function is called by:
		_main
 This function uses a non-reentrant model


 *************** function _MasterSend_I2C *****************
 Defined at:
		line 44 in file "I2C.c"
 Parameters:    Size  Location     Type
  dato            1    wreg     unsigned char 
 Auto vars:     Size  Location     Type
  dato            1    3[COMMON] unsigned char 
 Return value:  Size  Location     Type
                  1    wreg      void 
 Registers used:
		wreg, status,2, status,0, pclath, cstack
 Tracked objects:
		On entry : 
		On exit  : 
		Unchanged: 
 Data sizes:     COMMON   BANK0   BANK1   BANK3   BANK2
      Params:         0       0       0       0       0
      Locals:         1       0       0       0       0
      Temps:          0       0       0       0       0
      Totals:         1       0       0       0       0
Total ram usage:        1 bytes
 Hardware stack levels used:    1
 Hardware stack levels required when called:    2
 This function calls:
		_waitCondition
 This function is called by:
		_main
 This function uses a non-reentrant model


 *************** function _MasterRepeatS_I2C *****************
 Defined at:
		line 39 in file "I2C.c"
 Parameters:    Size  Location     Type
		None
 Auto vars:     Size  Location     Type
		None
 Return value:  Size  Location     Type
                  1    wreg      void 
 Registers used:
		wreg, status,2, status,0, pclath, cstack
 Tracked objects:
		On entry : 
		On exit  : 
		Unchanged: 
 Data sizes:     COMMON   BANK0   BANK1   BANK3   BANK2
      Params:         0       0       0       0       0
      Locals:         0       0       0       0       0
      Temps:          0       0       0       0       0
      Totals:         0       0       0       0       0
Total ram usage:        0 bytes
 Hardware stack levels used:    1
 Hardware stack levels required when called:    2
 This function calls:
		_waitCondition
 This function is called by:
		_main
 This function uses a non-reentrant model


 *************** function _MasterReceive_I2C *****************
 Defined at:
		line 49 in file "I2C.c"
 Parameters:    Size  Location     Type
  valor           1    wreg     PTR unsigned char 
		 -> TempDEC(1), TempENT(1), 
 Auto vars:     Size  Location     Type
  valor           1    4[COMMON] PTR unsigned char 
		 -> TempDEC(1), TempENT(1), 
 Return value:  Size  Location     Type
                  1    wreg      void 
 Registers used:
		wreg, fsr0l, fsr0h, status,2, status,0, pclath, cstack
 Tracked objects:
		On entry : 
		On exit  : 
		Unchanged: 
 Data sizes:     COMMON   BANK0   BANK1   BANK3   BANK2
      Params:         0       0       0       0       0
      Locals:         1       0       0       0       0
      Temps:          1       0       0       0       0
      Totals:         2       0       0       0       0
Total ram usage:        2 bytes
 Hardware stack levels used:    1
 Hardware stack levels required when called:    2
 This function calls:
		_waitCondition
 This function is called by:
		_main
 This function uses a non-reentrant model


 *************** function _waitCondition *****************
 Defined at:
		line 23 in file "I2C.c"
 Parameters:    Size  Location     Type
		None
 Auto vars:     Size  Location     Type
		None
 Return value:  Size  Location     Type
                  1    wreg      void 
 Registers used:
		wreg, status,2
 Tracked objects:
		On entry : 
		On exit  : 
		Unchanged: 
 Data sizes:     COMMON   BANK0   BANK1   BANK3   BANK2
      Params:         0       0       0       0       0
      Locals:         0       0       0       0       0
      Temps:          0       0       0       0       0
      Totals:         0       0       0       0       0
Total ram usage:        0 bytes
 Hardware stack levels used:    1
 Hardware stack levels required when called:    1
 This function calls:
		Nothing
 This function is called by:
		_MasterStart_I2C
		_MasterStop_I2C
		_MasterRepeatS_I2C
		_MasterSend_I2C
		_MasterReceive_I2C
 This function uses a non-reentrant model


 *************** function _LCDstring *****************
 Defined at:
		line 75 in file "LCDD2.c"
 Parameters:    Size  Location     Type
  mensaje         1    wreg     PTR unsigned char 
		 -> STR_2(8), STR_1(7), 
 Auto vars:     Size  Location     Type
  mensaje         1    6[COMMON] PTR unsigned char 
		 -> STR_2(8), STR_1(7), 
 Return value:  Size  Location     Type
                  1    wreg      void 
 Registers used:
		wreg, fsr0l, fsr0h, status,2, status,0, pclath, cstack
 Tracked objects:
		On entry : 
		On exit  : 
		Unchanged: 
 Data sizes:     COMMON   BANK0   BANK1   BANK3   BANK2
      Params:         0       0       0       0       0
      Locals:         1       0       0       0       0
      Temps:          1       0       0       0       0
      Totals:         2       0       0       0       0
Total ram usage:        2 bytes
 Hardware stack levels used:    1
 Hardware stack levels required when called:    2
 This function calls:
		_dispCHAR
 This function is called by:
		_main
 This function uses a non-reentrant model


 *************** function _dispCHAR *****************
 Defined at:
		line 40 in file "LCDD2.c"
 Parameters:    Size  Location     Type
  b               1    wreg     unsigned char 
 Auto vars:     Size  Location     Type
  b               1    4[COMMON] unsigned char 
 Return value:  Size  Location     Type
                  1    wreg      void 
 Registers used:
		wreg
 Tracked objects:
		On entry : 
		On exit  : 
		Unchanged: 
 Data sizes:     COMMON   BANK0   BANK1   BANK3   BANK2
      Params:         0       0       0       0       0
      Locals:         1       0       0       0       0
      Temps:          1       0       0       0       0
      Totals:         2       0       0       0       0
Total ram usage:        2 bytes
 Hardware stack levels used:    1
 Hardware stack levels required when called:    1
 This function calls:
		Nothing
 This function is called by:
		_main
		_LCDstring
 This function uses a non-reentrant model


 *************** function _DHT11_START *****************
 Defined at:
		line 11 in file "DHT11.c"
 Parameters:    Size  Location     Type
		None
 Auto vars:     Size  Location     Type
		None
 Return value:  Size  Location     Type
                  1    wreg      void 
 Registers used:
		wreg
 Tracked objects:
		On entry : 
		On exit  : 
		Unchanged: 
 Data sizes:     COMMON   BANK0   BANK1   BANK3   BANK2
      Params:         0       0       0       0       0
      Locals:         0       0       0       0       0
      Temps:          2       0       0       0       0
      Totals:         2       0       0       0       0
Total ram usage:        2 bytes
 Hardware stack levels used:    1
 Hardware stack levels required when called:    1
 This function calls:
		Nothing
 This function is called by:
		_main
 This function uses a non-reentrant model


 *************** function _DHT11_ReadData *****************
 Defined at:
		line 45 in file "DHT11.c"
 Parameters:    Size  Location     Type
  datos           1    wreg     PTR unsigned char 
		 -> CHECKSUM(1), dummyT1(1), Temp1(1), dummyHum1(1), 
		 -> Hum1(1), 
 Auto vars:     Size  Location     Type
  datos           1    6[COMMON] PTR unsigned char 
		 -> CHECKSUM(1), dummyT1(1), Temp1(1), dummyHum1(1), 
		 -> Hum1(1), 
  i               1    5[COMMON] unsigned char 
 Return value:  Size  Location     Type
                  1    wreg      void 
 Registers used:
		wreg, fsr0l, fsr0h, status,2, status,0
 Tracked objects:
		On entry : 
		On exit  : 
		Unchanged: 
 Data sizes:     COMMON   BANK0   BANK1   BANK3   BANK2
      Params:         0       0       0       0       0
      Locals:         2       0       0       0       0
      Temps:          2       0       0       0       0
      Totals:         4       0       0       0       0
Total ram usage:        4 bytes
 Hardware stack levels used:    1
 Hardware stack levels required when called:    1
 This function calls:
		Nothing
 This function is called by:
		_main
 This function uses a non-reentrant model


 *************** function _DHT11_ALIVE *****************
 Defined at:
		line 24 in file "DHT11.c"
 Parameters:    Size  Location     Type
		None
 Auto vars:     Size  Location     Type
		None
 Return value:  Size  Location     Type
                  1    wreg      unsigned char 
 Registers used:
		wreg, status,2
 Tracked objects:
		On entry : 
		On exit  : 
		Unchanged: 
 Data sizes:     COMMON   BANK0   BANK1   BANK3   BANK2
      Params:         0       0       0       0       0
      Locals:         0       0       0       0       0
      Temps:          0       0       0       0       0
      Totals:         0       0       0       0       0
Total ram usage:        0 bytes
 Hardware stack levels used:    1
 Hardware stack levels required when called:    1
 This function calls:
		Nothing
 This function is called by:
		_main
 This function uses a non-reentrant model


 *************** function _CONFIG *****************
 Defined at:
		line 179 in file "main.c"
 Parameters:    Size  Location     Type
		None
 Auto vars:     Size  Location     Type
		None
 Return value:  Size  Location     Type
                  1    wreg      void 
 Registers used:
		wreg, status,2, status,0, pclath, cstack
 Tracked objects:
		On entry : 
		On exit  : 
		Unchanged: 
 Data sizes:     COMMON   BANK0   BANK1   BANK3   BANK2
      Params:         0       0       0       0       0
      Locals:         0       0       0       0       0
      Temps:          0       0       0       0       0
      Totals:         0       0       0       0       0
Total ram usage:        0 bytes
 Hardware stack levels used:    1
 Hardware stack levels required when called:    3
 This function calls:
		_MasterInit_I2C
		_configUART
 This function is called by:
		_main
 This function uses a non-reentrant model


 *************** function _configUART *****************
 Defined at:
		line 11 in file "UART.c"
 Parameters:    Size  Location     Type
		None
 Auto vars:     Size  Location     Type
		None
 Return value:  Size  Location     Type
                  1    wreg      void 
 Registers used:
		wreg
 Tracked objects:
		On entry : 
		On exit  : 
		Unchanged: 
 Data sizes:     COMMON   BANK0   BANK1   BANK3   BANK2
      Params:         0       0       0       0       0
      Locals:         0       0       0       0       0
      Temps:          0       0       0       0       0
      Totals:         0       0       0       0       0
Total ram usage:        0 bytes
 Hardware stack levels used:    1
 Hardware stack levels required when called:    1
 This function calls:
		Nothing
 This function is called by:
		_CONFIG
 This function uses a non-reentrant model


 *************** function _MasterInit_I2C *****************
 Defined at:
		line 13 in file "I2C.c"
 Parameters:    Size  Location     Type
  frec            4   13[BANK0 ] unsigned long 
 Auto vars:     Size  Location     Type
		None
 Return value:  Size  Location     Type
                  1    wreg      void 
 Registers used:
		wreg, status,2, status,0, pclath, cstack
 Tracked objects:
		On entry : 
		On exit  : 
		Unchanged: 
 Data sizes:     COMMON   BANK0   BANK1   BANK3   BANK2
      Params:         0       4       0       0       0
      Locals:         0       0       0       0       0
      Temps:          4       0       0       0       0
      Totals:         4       4       0       0       0
Total ram usage:        8 bytes
 Hardware stack levels used:    1
 Hardware stack levels required when called:    2
 This function calls:
		___lldiv
 This function is called by:
		_CONFIG
 This function uses a non-reentrant model


 *************** function ___lldiv *****************
 Defined at:
		line 5 in file "C:\Program Files\Microchip\xc8\v2.31\pic\sources\c90\common\__lldiv.c"
 Parameters:    Size  Location     Type
  divisor         4    0[BANK0 ] unsigned long 
  dividend        4    4[BANK0 ] unsigned long 
 Auto vars:     Size  Location     Type
  quotient        4    8[BANK0 ] unsigned long 
  counter         1   12[BANK0 ] unsigned char 
 Return value:  Size  Location     Type
                  4    0[BANK0 ] unsigned long 
 Registers used:
		wreg, status,2, status,0
 Tracked objects:
		On entry : 
		On exit  : 
		Unchanged: 
 Data sizes:     COMMON   BANK0   BANK1   BANK3   BANK2
      Params:         0       8       0       0       0
      Locals:         0       5       0       0       0
      Temps:          1       0       0       0       0
      Totals:         1      13       0       0       0
Total ram usage:       14 bytes
 Hardware stack levels used:    1
 Hardware stack levels required when called:    1
 This function calls:
		Nothing
 This function is called by:
		_MasterInit_I2C
 This function uses a non-reentrant model


 *************** function _interrupcion *****************
 Defined at:
		line 60 in file "main.c"
 Parameters:    Size  Location     Type
		None
 Auto vars:     Size  Location     Type
		None
 Return value:  Size  Location     Type
                  1    wreg      void 
 Registers used:
		wreg
 Tracked objects:
		On entry : 
		On exit  : 
		Unchanged: 
 Data sizes:     COMMON   BANK0   BANK1   BANK3   BANK2
      Params:         0       0       0       0       0
      Locals:         0       0       0       0       0
      Temps:          3       0       0       0       0
      Totals:         3       0       0       0       0
Total ram usage:        3 bytes
 Hardware stack levels used:    1
 This function calls:
		Nothing
 This function is called by:
		Interrupt level 1
 This function uses a non-reentrant model



MODULE INFORMATION

Module		Function		Class		Link	Load	Size
C:\Program Files\Microchip\xc8\v2.31\pic\sources\c90\common\sprcmul.c
		___flmul       		CODE           	0033	0000	865

C:\Program Files\Microchip\xc8\v2.31\pic\sources\c90\common\sprcmul.c estimated size: 865

C:\Program Files\Microchip\xc8\v2.31\pic\sources\c90\common\__lldiv.c
		___lldiv       		CODE           	0BAF	0000	104

C:\Program Files\Microchip\xc8\v2.31\pic\sources\c90\common\__lldiv.c estimated size: 104

UART.c
		_send1dato     		CODE           	094D	0000	12
		_configUART    		CODE           	0978	0000	18

UART.c estimated size: 30

C:\Program Files\Microchip\xc8\v2.31\pic\sources\c90\common\Umul8_16.c
		__Umul8_16     		CODE           	0A59	0000	41

C:\Program Files\Microchip\xc8\v2.31\pic\sources\c90\common\Umul8_16.c estimated size: 41

LCDD2.c
		_cursorLCD     		CODE           	0A32	0000	39
		_comandoLCD    		CODE           	098A	0000	20
		_LCDstring     		CODE           	09CE	0000	31
		_initLCD       		CODE           	07A6	0000	74
		_dispCHAR      		CODE           	07F0	0000	16

LCDD2.c estimated size: 180

C:\Program Files\Microchip\xc8\v2.31\pic\sources\c90\common\awmod.c
		___awmod       		CODE           	0B54	0000	91

C:\Program Files\Microchip\xc8\v2.31\pic\sources\c90\common\awmod.c estimated size: 91

I2C.c
		_MasterRepeatS_I2C		CODE           	0927	0000	9
		_MasterReceive_I2C		CODE           	09ED	0000	33
		_waitCondition 		CODE           	0959	0000	13
		_MasterSend_I2C		CODE           	0942	0000	11
		_MasterStop_I2C		CODE           	0939	0000	9
		_MasterInit_I2C		CODE           	0B19	0000	59
		_MasterStart_I2C		CODE           	0930	0000	9

I2C.c estimated size: 143

C:\Program Files\Microchip\xc8\v2.31\pic\sources\c90\common\sprcadd.c
		___flsub       		CODE           	0A0E	0000	36
		___fladd       		CODE           	0394	0000	656

C:\Program Files\Microchip\xc8\v2.31\pic\sources\c90\common\sprcadd.c estimated size: 692

DHT11.c
		_DHT11_ALIVE   		CODE           	0A82	0000	44
		_DHT11_START   		CODE           	09B3	0000	27
		_DHT11_ReadData		CODE           	0AAE	0000	53

DHT11.c estimated size: 124

C:\Program Files\Microchip\xc8\v2.31\pic\sources\c90\common\awdiv.c
		___awdiv       		CODE           	0C17	0000	105

C:\Program Files\Microchip\xc8\v2.31\pic\sources\c90\common\awdiv.c estimated size: 105

shared
		__stringtab    		STRING         	0800	0000	6
		__initialization		CODE           	000F	0000	32

shared estimated size: 38

C:\Program Files\Microchip\xc8\v2.31\pic\sources\c90\common\fltol.c
		___fltol       		CODE           	0C80	0000	124

C:\Program Files\Microchip\xc8\v2.31\pic\sources\c90\common\fltol.c estimated size: 124

C:\Program Files\Microchip\xc8\v2.31\pic\sources\c90\common\xxtofl.c
		___xxtofl      		CODE           	06EA	0000	188

C:\Program Files\Microchip\xc8\v2.31\pic\sources\c90\common\xxtofl.c estimated size: 188

C:\Program Files\Microchip\xc8\v2.31\pic\sources\c90\common\Umul8.c
		___bmul        		CODE           	099E	0000	21

C:\Program Files\Microchip\xc8\v2.31\pic\sources\c90\common\Umul8.c estimated size: 21

main.c
		_floToChar     		CODE           	0624	0000	198
		_main          		CODE           	0D79	0000	647
		_divisiondecimal		CODE           	0CFC	0000	125
		_interrupcion  		CODE           	0966	0000	18
		_CONFIG        		CODE           	0AE3	0000	54

main.c estimated size: 1042

